Archive member included to satisfy reference by file (symbol)

c:/nxp/mcuxpressoide_11.2.0_4120/ide/plugins/com.nxp.mcuxpresso.tools.win32_11.2.0.202001021529/tools/bin/../lib/gcc/arm-none-eabi/9.2.1/../../../../arm-none-eabi/lib/thumb/v6-m/nofp\libcr_nohost_nf.a(_cr__main.o)
                              ./startup/startup_mkl25z4.o (__main)
c:/nxp/mcuxpressoide_11.2.0_4120/ide/plugins/com.nxp.mcuxpresso.tools.win32_11.2.0.202001021529/tools/bin/../lib/gcc/arm-none-eabi/9.2.1/../../../../arm-none-eabi/lib/thumb/v6-m/nofp\libcr_c.a(memcpy.o)
                              ./source/dac.o (memcpy)
c:/nxp/mcuxpressoide_11.2.0_4120/ide/plugins/com.nxp.mcuxpresso.tools.win32_11.2.0.202001021529/tools/bin/../lib/gcc/arm-none-eabi/9.2.1/../../../../arm-none-eabi/lib/thumb/v6-m/nofp\libcr_c.a(memset.o)
                              ./source/adc.o (memset)
c:/nxp/mcuxpressoide_11.2.0_4120/ide/plugins/com.nxp.mcuxpresso.tools.win32_11.2.0.202001021529/tools/bin/../lib/gcc/arm-none-eabi/9.2.1/../../../../arm-none-eabi/lib/thumb/v6-m/nofp\libcr_c.a(initio.o)
                              c:/nxp/mcuxpressoide_11.2.0_4120/ide/plugins/com.nxp.mcuxpresso.tools.win32_11.2.0.202001021529/tools/bin/../lib/gcc/arm-none-eabi/9.2.1/../../../../arm-none-eabi/lib/thumb/v6-m/nofp\libcr_nohost_nf.a(_cr__main.o) (_initio)
c:/nxp/mcuxpressoide_11.2.0_4120/ide/plugins/com.nxp.mcuxpresso.tools.win32_11.2.0.202001021529/tools/bin/../lib/gcc/arm-none-eabi/9.2.1/../../../../arm-none-eabi/lib/thumb/v6-m/nofp\libcr_c.a(printf.o)
                              ./source/test_sin.o (_printf)
c:/nxp/mcuxpressoide_11.2.0_4120/ide/plugins/com.nxp.mcuxpresso.tools.win32_11.2.0.202001021529/tools/bin/../lib/gcc/arm-none-eabi/9.2.1/../../../../arm-none-eabi/lib/thumb/v6-m/nofp\libcr_c.a(setvbuf.o)
                              c:/nxp/mcuxpressoide_11.2.0_4120/ide/plugins/com.nxp.mcuxpresso.tools.win32_11.2.0.202001021529/tools/bin/../lib/gcc/arm-none-eabi/9.2.1/../../../../arm-none-eabi/lib/thumb/v6-m/nofp\libcr_c.a(initio.o) (setvbuf)
c:/nxp/mcuxpressoide_11.2.0_4120/ide/plugins/com.nxp.mcuxpresso.tools.win32_11.2.0.202001021529/tools/bin/../lib/gcc/arm-none-eabi/9.2.1/../../../../arm-none-eabi/lib/thumb/v6-m/nofp\libcr_c.a(sin.o)
                              ./source/test_sin.o (sin)
c:/nxp/mcuxpressoide_11.2.0_4120/ide/plugins/com.nxp.mcuxpresso.tools.win32_11.2.0.202001021529/tools/bin/../lib/gcc/arm-none-eabi/9.2.1/../../../../arm-none-eabi/lib/thumb/v6-m/nofp\libcr_c.a(strlen.o)
                              ./utilities/fsl_debug_console.o (strlen)
c:/nxp/mcuxpressoide_11.2.0_4120/ide/plugins/com.nxp.mcuxpresso.tools.win32_11.2.0.202001021529/tools/bin/../lib/gcc/arm-none-eabi/9.2.1/../../../../arm-none-eabi/lib/thumb/v6-m/nofp\libcr_c.a(_deferredlazyseek.o)
                              c:/nxp/mcuxpressoide_11.2.0_4120/ide/plugins/com.nxp.mcuxpresso.tools.win32_11.2.0.202001021529/tools/bin/../lib/gcc/arm-none-eabi/9.2.1/../../../../arm-none-eabi/lib/thumb/v6-m/nofp\libcr_c.a(printf.o) (__flsbuf)
c:/nxp/mcuxpressoide_11.2.0_4120/ide/plugins/com.nxp.mcuxpresso.tools.win32_11.2.0.202001021529/tools/bin/../lib/gcc/arm-none-eabi/9.2.1/../../../../arm-none-eabi/lib/thumb/v6-m/nofp\libcr_c.a(_fdopen.o)
                              c:/nxp/mcuxpressoide_11.2.0_4120/ide/plugins/com.nxp.mcuxpresso.tools.win32_11.2.0.202001021529/tools/bin/../lib/gcc/arm-none-eabi/9.2.1/../../../../arm-none-eabi/lib/thumb/v6-m/nofp\libcr_c.a(initio.o) (_fdopen)
c:/nxp/mcuxpressoide_11.2.0_4120/ide/plugins/com.nxp.mcuxpresso.tools.win32_11.2.0.202001021529/tools/bin/../lib/gcc/arm-none-eabi/9.2.1/../../../../arm-none-eabi/lib/thumb/v6-m/nofp\libcr_c.a(_fflush.o)
                              c:/nxp/mcuxpressoide_11.2.0_4120/ide/plugins/com.nxp.mcuxpresso.tools.win32_11.2.0.202001021529/tools/bin/../lib/gcc/arm-none-eabi/9.2.1/../../../../arm-none-eabi/lib/thumb/v6-m/nofp\libcr_c.a(_deferredlazyseek.o) (_fflush)
c:/nxp/mcuxpressoide_11.2.0_4120/ide/plugins/com.nxp.mcuxpresso.tools.win32_11.2.0.202001021529/tools/bin/../lib/gcc/arm-none-eabi/9.2.1/../../../../arm-none-eabi/lib/thumb/v6-m/nofp\libcr_c.a(_sincos.o)
                              c:/nxp/mcuxpressoide_11.2.0_4120/ide/plugins/com.nxp.mcuxpresso.tools.win32_11.2.0.202001021529/tools/bin/../lib/gcc/arm-none-eabi/9.2.1/../../../../arm-none-eabi/lib/thumb/v6-m/nofp\libcr_c.a(sin.o) (_sincos)
c:/nxp/mcuxpressoide_11.2.0_4120/ide/plugins/com.nxp.mcuxpresso.tools.win32_11.2.0.202001021529/tools/bin/../lib/gcc/arm-none-eabi/9.2.1/../../../../arm-none-eabi/lib/thumb/v6-m/nofp\libcr_c.a(_writebuf.o)
                              c:/nxp/mcuxpressoide_11.2.0_4120/ide/plugins/com.nxp.mcuxpresso.tools.win32_11.2.0.202001021529/tools/bin/../lib/gcc/arm-none-eabi/9.2.1/../../../../arm-none-eabi/lib/thumb/v6-m/nofp\libcr_c.a(_deferredlazyseek.o) (_Cwritebuf)
[...]
Memory Configuration

Name             Origin             Length             Attributes
PROGRAM_FLASH    0x00000000         0x00020000         xr
SRAM             0x1ffff000         0x00004000         xrw
*default*        0x00000000         0xffffffff

Linker script and memory map

LOAD ./utilities/fsl_debug_console.o
LOAD ./startup/startup_mkl25z4.o
LOAD ./source/adc.o
LOAD ./source/analog_out.o
LOAD ./source/autocorrelate.o
LOAD ./source/dac.o
LOAD ./source/fp_sin.o
LOAD ./source/main.o
LOAD ./source/mtb.o
LOAD ./source/semihost_hardfault.o
LOAD ./source/systick.o
LOAD ./source/test_sin.o
LOAD ./drivers/fsl_adc16.o
LOAD ./drivers/fsl_clock.o
LOAD ./drivers/fsl_cmp.o
LOAD ./drivers/fsl_common.o
LOAD ./drivers/fsl_dac.o
LOAD ./drivers/fsl_dma.o
LOAD ./drivers/fsl_dmamux.o
LOAD ./drivers/fsl_flash.o
LOAD ./drivers/fsl_gpio.o
LOAD ./drivers/fsl_lpsci.o
LOAD ./drivers/fsl_lpsci_dma.o
LOAD ./drivers/fsl_smc.o
LOAD ./drivers/fsl_tpm.o
LOAD ./drivers/fsl_tsi_v4.o
LOAD ./drivers/fsl_uart.o
LOAD ./drivers/fsl_uart_dma.o
LOAD ./board/board.o
LOAD ./board/clock_config.o
LOAD ./board/peripherals.o
LOAD ./board/pin_mux.o
LOAD ./CMSIS/system_MKL25Z4.o
START GROUP
LOAD c:/nxp/mcuxpressoide_11.2.0_4120/ide/plugins/com.nxp.mcuxpresso.tools.win32_11.2.0.202001021529/tools/bin/../lib/gcc/arm-none-eabi/9.2.1/../../../../arm-none-eabi/lib/thumb/v6-m/nofp\libcr_nohost_nf.a
LOAD c:/nxp/mcuxpressoide_11.2.0_4120/ide/plugins/com.nxp.mcuxpresso.tools.win32_11.2.0.202001021529/tools/bin/../lib/gcc/arm-none-eabi/9.2.1/../../../../arm-none-eabi/lib/thumb/v6-m/nofp\libcr_c.a
LOAD c:/nxp/mcuxpressoide_11.2.0_4120/ide/plugins/com.nxp.mcuxpresso.tools.win32_11.2.0.202001021529/tools/bin/../lib/gcc/arm-none-eabi/9.2.1/thumb/v6-m/nofp\libcr_eabihelpers.a
LOAD c:/nxp/mcuxpressoide_11.2.0_4120/ide/plugins/com.nxp.mcuxpresso.tools.win32_11.2.0.202001021529/tools/bin/../lib/gcc/arm-none-eabi/9.2.1/thumb/v6-m/nofp\libgcc.a
END GROUP
                0x00000000                __base_PROGRAM_FLASH = 0x0
                0x00000000                __base_Flash = 0x0
                0x00020000                __top_PROGRAM_FLASH = 0x20000
                0x00020000                __top_Flash = 0x20000
                0x1ffff000                __base_SRAM = 0x1ffff000
                0x1ffff000                __base_RAM = 0x1ffff000
                0x20003000                __top_SRAM = 0x20003000
                0x20003000                __top_RAM = 0x20003000

.text           0x00000000     0x50d8
 FILL mask 0xff
                0x00000000                __vectors_start__ = ABSOLUTE (.)
 *(SORT_BY_ALIGNMENT(.isr_vector))
 .isr_vector    0x00000000       0xc0 ./startup/startup_mkl25z4.o
                0x00000000                g_pfnVectors
                0x00000000                __Vectors
                0x000000c0                . = ALIGN (0x4)
                0x000000c0                __section_table_start = .
                0x000000c0                __data_section_table = .
                0x000000c0        0x4 LONG 0x50d8 LOADADDR (.data)
                0x000000c4        0x4 LONG 0x1ffff080 ADDR (.data)
                0x000000c8        0x4 LONG 0x8 SIZEOF (.data)
                0x000000cc                __data_section_table_end = .
                0x000000cc                __bss_section_table = .
                0x000000cc        0x4 LONG 0x1ffff088 ADDR (.bss)
                0x000000d0        0x4 LONG 0x908 SIZEOF (.bss)
                0x000000d4                __bss_section_table_end = .
                0x000000d4                __section_table_end = .
 *(SORT_BY_ALIGNMENT(.after_vectors*))
 .after_vectors.reset
                0x000000d4       0x4c ./startup/startup_mkl25z4.o
                0x000000d4                ResetISR
 .after_vectors.init_data
                0x00000120       0x12 ./startup/startup_mkl25z4.o
                0x00000120                data_init
 .after_vectors.init_bss
                0x00000132       0x10 ./startup/startup_mkl25z4.o
                0x00000132                bss_init
 .after_vectors
                0x00000142      0x10c ./startup/startup_mkl25z4.o
                0x00000142                NMI_Handler
                0x00000146                SVC_Handler
                0x00000148                PendSV_Handler
                0x0000014c                LPTMR0_DriverIRQHandler
                0x0000014c                SPI1_DriverIRQHandler
                0x0000014c                I2C0_DriverIRQHandler
                0x0000014c                Reserved39_DriverIRQHandler
                0x0000014c                PORTD_DriverIRQHandler
                0x0000014c                CMP0_DriverIRQHandler
                0x0000014c                ADC0_DriverIRQHandler
                0x0000014c                TPM2_DriverIRQHandler
                0x0000014c                SPI0_DriverIRQHandler
                0x0000014c                I2C1_DriverIRQHandler
                0x0000014c                TSI0_DriverIRQHandler
                0x0000014c                RTC_Seconds_DriverIRQHandler
                0x0000014c                PIT_DriverIRQHandler
                0x0000014c                RTC_DriverIRQHandler
                0x0000014c                LLWU_DriverIRQHandler
                0x0000014c                MCG_DriverIRQHandler
                0x0000014c                TPM1_DriverIRQHandler
                0x0000014c                PORTA_DriverIRQHandler
                0x0000014c                Reserved45_DriverIRQHandler
                0x0000014c                FTFA_DriverIRQHandler
                0x0000014c                IntDefaultHandler
                0x0000014c                USB0_DriverIRQHandler
                0x0000014c                DAC0_DriverIRQHandler
                0x0000014c                Reserved20_DriverIRQHandler
                0x0000014c                LVD_LVW_DriverIRQHandler
                0x0000014c                TPM0_DriverIRQHandler
                0x00000156                DMA1_IRQHandler
                0x0000015e                DMA2_IRQHandler
                0x00000166                DMA3_IRQHandler
                0x0000016e                Reserved20_IRQHandler
                0x00000176                FTFA_IRQHandler
                0x0000017e                LVD_LVW_IRQHandler
                0x00000186                LLWU_IRQHandler
                0x0000018e                I2C0_IRQHandler
                0x00000196                I2C1_IRQHandler
                0x0000019e                SPI0_IRQHandler
                0x000001a6                SPI1_IRQHandler
                0x000001ae                UART0_IRQHandler
                0x000001b6                UART1_IRQHandler
                0x000001be                UART2_IRQHandler
                0x000001c6                ADC0_IRQHandler
                0x000001ce                CMP0_IRQHandler
                0x000001d6                TPM0_IRQHandler
                0x000001de                TPM1_IRQHandler
                0x000001e6                TPM2_IRQHandler
                0x000001ee                RTC_IRQHandler
                0x000001f6                RTC_Seconds_IRQHandler
                0x000001fe                PIT_IRQHandler
                0x00000206                Reserved39_IRQHandler
                0x0000020e                USB0_IRQHandler
                0x00000216                DAC0_IRQHandler
                0x0000021e                TSI0_IRQHandler
                0x00000226                MCG_IRQHandler
                0x0000022e                LPTMR0_IRQHandler
                0x00000236                Reserved45_IRQHandler
                0x0000023e                PORTA_IRQHandler
                0x00000246                PORTD_IRQHandler
                0x00000400                . = 0x400
 *fill*         0x0000024e      0x1b2 ff
                0x00000400                PROVIDE (__FLASH_CONFIG_START__ = .)
 *(SORT_BY_ALIGNMENT(.FlashConfig))
 .FlashConfig   0x00000400       0x10 ./startup/startup_mkl25z4.o
                0x00000400                Flash_Config
                0x00000410                PROVIDE (__FLASH_CONFIG_END__ = .)
                0x00000001                ASSERT (! ((__FLASH_CONFIG_START__ == __FLASH_CONFIG_END__)), Linker Flash Config Support Enabled, but no .FlashConfig section provided within application)
 *(SORT_BY_ALIGNMENT(.text*))
 .text.DbgConsole_Init
                0x00000410       0xf4 ./utilities/fsl_debug_console.o
                0x00000410                DbgConsole_Init
 .text.DbgConsole_Printf
                0x00000504       0x44 ./utilities/fsl_debug_console.o
                0x00000504                DbgConsole_Printf
 .text.DbgConsole_Putchar
                0x00000548       0x34 ./utilities/fsl_debug_console.o
                0x00000548                DbgConsole_Putchar
 .text.Init_ADC
                0x0000057c       0x48 ./source/adc.o
                0x0000057c                Init_ADC
 .text.TMP1_Start
                0x000005c4       0x1c ./source/adc.o
                0x000005c4                TMP1_Start
 .text.TMP1_Stop
                0x000005e0       0x1c ./source/adc.o
                0x000005e0                TMP1_Stop
 .text.Init_TPM1
                0x000005fc       0x44 ./source/adc.o
                0x000005fc                Init_TPM1
 .text.ADC_Data
                0x00000640       0x5c ./source/adc.o
                0x00000640                ADC_Data
 .text.analysis
                0x0000069c       0xe4 ./source/adc.o
                0x0000069c                analysis
 .text.tone_to_samples
                0x00000780       0xd8 ./source/analog_out.o
                0x00000780                tone_to_samples
 .text.autocorrelate_detect_period
                0x00000858      0x190 ./source/autocorrelate.o
                0x00000858                autocorrelate_detect_period
 .text.NVIC_EnableIRQ
                0x000009e8       0x2c ./source/dac.o
 .text.NVIC_ClearPendingIRQ
                0x00000a14       0x30 ./source/dac.o
 .text.NVIC_SetPriority
                0x00000a44       0xdc ./source/dac.o
 .text.Init_DAC
                0x00000b20       0x78 ./source/dac.o
                0x00000b20                Init_DAC
 .text.TMP0_Start
                0x00000b98       0x1c ./source/dac.o
                0x00000b98                TMP0_Start
 .text.TMP0_Stop
                0x00000bb4       0x1c ./source/dac.o
                0x00000bb4                TMP0_Stop
 .text.Init_DMA
                0x00000bd0       0x70 ./source/dac.o
                0x00000bd0                Init_DMA
 .text.Init_TPM0
                0x00000c40       0x5c ./source/dac.o
                0x00000c40                Init_TPM0
 .text.DAC_Data
                0x00000c9c       0x84 ./source/dac.o
                0x00000c9c                DAC_Data
 .text.DMA0_IRQHandler
                0x00000d20       0x70 ./source/dac.o
                0x00000d20                DMA0_IRQHandler
 .text.fp_sin   0x00000d90       0xdc ./source/fp_sin.o
                0x00000d90                fp_sin
 .text.main     0x00000e6c      0x108 ./source/main.o
                0x00000e6c                main
 .text.HardFault_Handler
                0x00000f74       0x30 ./source/semihost_hardfault.o
                0x00000f74                HardFault_Handler
 .text.NVIC_SetPriority
                0x00000fa4       0xdc ./source/systick.o
 .text.init_systick
                0x00001080       0x30 ./source/systick.o
                0x00001080                init_systick
 .text.SysTick_Handler
                0x000010b0       0x18 ./source/systick.o
                0x000010b0                SysTick_Handler
 .text.get_timer
                0x000010c8       0x1c ./source/systick.o
                0x000010c8                get_timer
 .text.reset_timer
                0x000010e4       0x18 ./source/systick.o
                0x000010e4                reset_timer
 .text.now      0x000010fc       0x14 ./source/systick.o
                0x000010fc                now
 .text.test_sin
                0x00001110      0x110 ./source/test_sin.o
                0x00001110                test_sin
 .text.CLOCK_SetEr32kClock
                0x00001220       0x34 ./drivers/fsl_clock.o
 .text.CLOCK_SetPllFllSelClock
                0x00001254       0x38 ./drivers/fsl_clock.o
 .text.CLOCK_GetMcgExtClkFreq
                0x0000128c       0x28 ./drivers/fsl_clock.o
 .text.CLOCK_GetFllExtRefClkFreq
                0x000012b4       0xa8 ./drivers/fsl_clock.o
 .text.CLOCK_GetFllRefClkFreq
                0x0000135c       0x2c ./drivers/fsl_clock.o
 .text.CLOCK_GetOscRangeFromFreq
                0x00001388       0x4c ./drivers/fsl_clock.o
 .text.CLOCK_GetPllFllSelClkFreq
                0x000013d4       0x4c ./drivers/fsl_clock.o
                0x000013d4                CLOCK_GetPllFllSelClkFreq
 .text.CLOCK_SetSimConfig
                0x00001420       0x38 ./drivers/fsl_clock.o
                0x00001420                CLOCK_SetSimConfig
 .text.CLOCK_GetFllFreq
                0x00001458       0x84 ./drivers/fsl_clock.o
                0x00001458                CLOCK_GetFllFreq
 .text.CLOCK_GetPll0Freq
                0x000014dc       0x70 ./drivers/fsl_clock.o
                0x000014dc                CLOCK_GetPll0Freq
 .text.CLOCK_SetInternalRefClkConfig
                0x0000154c      0x124 ./drivers/fsl_clock.o
                0x0000154c                CLOCK_SetInternalRefClkConfig
 .text.CLOCK_EnablePll0
                0x00001670       0x94 ./drivers/fsl_clock.o
                0x00001670                CLOCK_EnablePll0
 .text.CLOCK_InitOsc0
                0x00001704       0x94 ./drivers/fsl_clock.o
                0x00001704                CLOCK_InitOsc0
 .text.CLOCK_SetPbeMode
                0x00001798       0xb0 ./drivers/fsl_clock.o
                0x00001798                CLOCK_SetPbeMode
 .text.CLOCK_BootToPeeMode
                0x00001848       0x70 ./drivers/fsl_clock.o
                0x00001848                CLOCK_BootToPeeMode
 .text.__assertion_failed
                0x000018b8       0x1c ./drivers/fsl_common.o
                0x000018b8                __assertion_failed
 .text.DMA_ClearChannelStatusFlags
                0x000018d4       0x54 ./drivers/fsl_dma.o
 .text.DMA_HandleIRQ
                0x00001928       0x4c ./drivers/fsl_dma.o
                0x00001928                DMA_HandleIRQ
 .text.DMA0_DriverIRQHandler
                0x00001974       0x18 ./drivers/fsl_dma.o
                0x00001974                DMA0_DriverIRQHandler
 .text.DMA1_DriverIRQHandler
                0x0000198c       0x18 ./drivers/fsl_dma.o
                0x0000198c                DMA1_DriverIRQHandler
 .text.DMA2_DriverIRQHandler
                0x000019a4       0x18 ./drivers/fsl_dma.o
                0x000019a4                DMA2_DriverIRQHandler
 .text.DMA3_DriverIRQHandler
                0x000019bc       0x18 ./drivers/fsl_dma.o
                0x000019bc                DMA3_DriverIRQHandler
 .text.CLOCK_EnableClock
                0x000019d4       0x34 ./drivers/fsl_lpsci.o
 .text.LPSCI_GetInstance
                0x00001a08       0x48 ./drivers/fsl_lpsci.o
                0x00001a08                LPSCI_GetInstance
 .text.LPSCI_Init
                0x00001a50      0x258 ./drivers/fsl_lpsci.o
                0x00001a50                LPSCI_Init
 .text.LPSCI_GetDefaultConfig
                0x00001ca8       0x44 ./drivers/fsl_lpsci.o
                0x00001ca8                LPSCI_GetDefaultConfig
 .text.LPSCI_ClearStatusFlags
                0x00001cec       0x94 ./drivers/fsl_lpsci.o
                0x00001cec                LPSCI_ClearStatusFlags
 .text.LPSCI_WriteBlocking
                0x00001d80       0x4c ./drivers/fsl_lpsci.o
                0x00001d80                LPSCI_WriteBlocking
 .text.LPSCI_ReadBlocking
                0x00001dcc       0xc0 ./drivers/fsl_lpsci.o
                0x00001dcc                LPSCI_ReadBlocking
 .text.UART0_DriverIRQHandler
                0x00001e8c       0x24 ./drivers/fsl_lpsci.o
                0x00001e8c                UART0_DriverIRQHandler
 .text.CLOCK_EnableClock
                0x00001eb0       0x34 ./drivers/fsl_uart.o
 .text.UART_GetInstance
                0x00001ee4       0x54 ./drivers/fsl_uart.o
                0x00001ee4                UART_GetInstance
 .text.UART_Init
                0x00001f38      0x1e0 ./drivers/fsl_uart.o
                0x00001f38                UART_Init
 .text.UART_GetDefaultConfig
                0x00002118       0x44 ./drivers/fsl_uart.o
                0x00002118                UART_GetDefaultConfig
 .text.UART_ReadBlocking
                0x0000215c       0x98 ./drivers/fsl_uart.o
                0x0000215c                UART_ReadBlocking
 .text.UART1_DriverIRQHandler
                0x000021f4       0x24 ./drivers/fsl_uart.o
                0x000021f4                UART1_DriverIRQHandler
 .text.UART2_DriverIRQHandler
                0x00002218       0x24 ./drivers/fsl_uart.o
                0x00002218                UART2_DriverIRQHandler
 .text.CLOCK_SetLpsci0Clock
                0x0000223c       0x38 ./board/board.o
 .text.BOARD_InitDebugConsole
                0x00002274       0x30 ./board/board.o
                0x00002274                BOARD_InitDebugConsole
 .text.CLOCK_SetSimSafeDivs
                0x000022a4       0x20 ./board/clock_config.o
 .text.CLOCK_SetXtal0Freq
                0x000022c4       0x1c ./board/clock_config.o
 .text.CLOCK_CONFIG_SetFllExtRefDiv
                0x000022e0       0x3c ./board/clock_config.o
 .text.BOARD_BootClockRUN
                0x0000231c       0x64 ./board/clock_config.o
                0x0000231c                BOARD_BootClockRUN
 .text.CLOCK_EnableClock
                0x00002380       0x34 ./board/pin_mux.o
 .text.PORT_SetPinMux
                0x000023b4       0x40 ./board/pin_mux.o
 .text.BOARD_InitPins
                0x000023f4       0x4c ./board/pin_mux.o
                0x000023f4                BOARD_InitPins
 .text.SystemInit
                0x00002440       0x18 ./CMSIS/system_MKL25Z4.o
                0x00002440                SystemInit
 .text._initio  0x00002458       0x7c c:/nxp/mcuxpressoide_11.2.0_4120/ide/plugins/com.nxp.mcuxpresso.tools.win32_11.2.0.202001021529/tools/bin/../lib/gcc/arm-none-eabi/9.2.1/../../../../arm-none-eabi/lib/thumb/v6-m/nofp\libcr_c.a(initio.o)
                0x00002458                _initio
 .text.__vfprintf
                0x000024d4      0xd40 c:/nxp/mcuxpressoide_11.2.0_4120/ide/plugins/com.nxp.mcuxpresso.tools.win32_11.2.0.202001021529/tools/bin/../lib/gcc/arm-none-eabi/9.2.1/../../../../arm-none-eabi/lib/thumb/v6-m/nofp\libcr_c.a(printf.o)
                0x000024d4                __vfprintf
 .text._vsnprintf
                0x00003214       0x70 c:/nxp/mcuxpressoide_11.2.0_4120/ide/plugins/com.nxp.mcuxpresso.tools.win32_11.2.0.202001021529/tools/bin/../lib/gcc/arm-none-eabi/9.2.1/../../../../arm-none-eabi/lib/thumb/v6-m/nofp\libcr_c.a(printf.o)
                0x00003214                _vsnprintf
 .text._printf  0x00003284       0x50 c:/nxp/mcuxpressoide_11.2.0_4120/ide/plugins/com.nxp.mcuxpresso.tools.win32_11.2.0.202001021529/tools/bin/../lib/gcc/arm-none-eabi/9.2.1/../../../../arm-none-eabi/lib/thumb/v6-m/nofp\libcr_c.a(printf.o)
                0x00003284                _printf
 .text.setvbuf  0x000032d4       0x4c c:/nxp/mcuxpressoide_11.2.0_4120/ide/plugins/com.nxp.mcuxpresso.tools.win32_11.2.0.202001021529/tools/bin/../lib/gcc/arm-none-eabi/9.2.1/../../../../arm-none-eabi/lib/thumb/v6-m/nofp\libcr_c.a(setvbuf.o)
                0x000032d4                setvbuf
 .text.strlen   0x00003320       0x58 c:/nxp/mcuxpressoide_11.2.0_4120/ide/plugins/com.nxp.mcuxpresso.tools.win32_11.2.0.202001021529/tools/bin/../lib/gcc/arm-none-eabi/9.2.1/../../../../arm-none-eabi/lib/thumb/v6-m/nofp\libcr_c.a(strlen.o)
                0x00003320                strlen
 .text._deferredlazyseek
                0x00003378       0x40 c:/nxp/mcuxpressoide_11.2.0_4120/ide/plugins/com.nxp.mcuxpresso.tools.win32_11.2.0.202001021529/tools/bin/../lib/gcc/arm-none-eabi/9.2.1/../../../../arm-none-eabi/lib/thumb/v6-m/nofp\libcr_c.a(_deferredlazyseek.o)
                0x00003378                _deferredlazyseek
 .text.__flsbuf
                0x000033b8      0x150 c:/nxp/mcuxpressoide_11.2.0_4120/ide/plugins/com.nxp.mcuxpresso.tools.win32_11.2.0.202001021529/tools/bin/../lib/gcc/arm-none-eabi/9.2.1/../../../../arm-none-eabi/lib/thumb/v6-m/nofp\libcr_c.a(_deferredlazyseek.o)
                0x000033b8                __flsbuf
 .text._fdopen  0x00003508       0x74 c:/nxp/mcuxpressoide_11.2.0_4120/ide/plugins/com.nxp.mcuxpresso.tools.win32_11.2.0.202001021529/tools/bin/../lib/gcc/arm-none-eabi/9.2.1/../../../../arm-none-eabi/lib/thumb/v6-m/nofp\libcr_c.a(_fdopen.o)
                0x00003508                _fdopen
 .text._fflush  0x0000357c       0x60 c:/nxp/mcuxpressoide_11.2.0_4120/ide/plugins/com.nxp.mcuxpresso.tools.win32_11.2.0.202001021529/tools/bin/../lib/gcc/arm-none-eabi/9.2.1/../../../../arm-none-eabi/lib/thumb/v6-m/nofp\libcr_c.a(_fflush.o)
                0x0000357c                _fflush
 .text._sincos  0x000035dc      0x1dc c:/nxp/mcuxpressoide_11.2.0_4120/ide/plugins/com.nxp.mcuxpresso.tools.win32_11.2.0.202001021529/tools/bin/../lib/gcc/arm-none-eabi/9.2.1/../../../../arm-none-eabi/lib/thumb/v6-m/nofp\libcr_c.a(_sincos.o)
                0x000035dc                _sincos
 .text._Cwritebuf
                0x000037b8       0x68 c:/nxp/mcuxpressoide_11.2.0_4120/ide/plugins/com.nxp.mcuxpresso.tools.win32_11.2.0.202001021529/tools/bin/../lib/gcc/arm-none-eabi/9.2.1/../../../../arm-none-eabi/lib/thumb/v6-m/nofp\libcr_c.a(_writebuf.o)
                0x000037b8                _Cwritebuf
 .text.malloc   0x00003820       0xd0 c:/nxp/mcuxpressoide_11.2.0_4120/ide/plugins/com.nxp.mcuxpresso.tools.win32_11.2.0.202001021529/tools/bin/../lib/gcc/arm-none-eabi/9.2.1/../../../../arm-none-eabi/lib/thumb/v6-m/nofp\libcr_c.a(alloc.o)
                0x00003820                malloc
 .text._Csys_alloc
                0x000038f0       0x20 c:/nxp/mcuxpressoide_11.2.0_4120/ide/plugins/com.nxp.mcuxpresso.tools.win32_11.2.0.202001021529/tools/bin/../lib/gcc/arm-none-eabi/9.2.1/../../../../arm-none-eabi/lib/thumb/v6-m/nofp\libcr_c.a(alloc.o)
                0x000038f0                _Csys_alloc
 .text.fclose   0x00003910       0x5c c:/nxp/mcuxpressoide_11.2.0_4120/ide/plugins/com.nxp.mcuxpresso.tools.win32_11.2.0.202001021529/tools/bin/../lib/gcc/arm-none-eabi/9.2.1/../../../../arm-none-eabi/lib/thumb/v6-m/nofp\libcr_c.a(fclose.o)
                0x00003910                fclose
 .text.fflush   0x0000396c       0x44 c:/nxp/mcuxpressoide_11.2.0_4120/ide/plugins/com.nxp.mcuxpresso.tools.win32_11.2.0.202001021529/tools/bin/../lib/gcc/arm-none-eabi/9.2.1/../../../../arm-none-eabi/lib/thumb/v6-m/nofp\libcr_c.a(fflush.o)
                0x0000396c                fflush
 .text.fseek    0x000039b0       0xf4 c:/nxp/mcuxpressoide_11.2.0_4120/ide/plugins/com.nxp.mcuxpresso.tools.win32_11.2.0.202001021529/tools/bin/../lib/gcc/arm-none-eabi/9.2.1/../../../../arm-none-eabi/lib/thumb/v6-m/nofp\libcr_c.a(fseek.o)
                0x000039b0                fseek
 .text.ftell    0x00003aa4       0x48 c:/nxp/mcuxpressoide_11.2.0_4120/ide/plugins/com.nxp.mcuxpresso.tools.win32_11.2.0.202001021529/tools/bin/../lib/gcc/arm-none-eabi/9.2.1/../../../../arm-none-eabi/lib/thumb/v6-m/nofp\libcr_c.a(ftell.o)
                0x00003aa4                ftell
 .text._sbrk    0x00003aec       0x44 c:/nxp/mcuxpressoide_11.2.0_4120/ide/plugins/com.nxp.mcuxpresso.tools.win32_11.2.0.202001021529/tools/bin/../lib/gcc/arm-none-eabi/9.2.1/../../../../arm-none-eabi/lib/thumb/v6-m/nofp\libcr_c.a(_cr_sbrk.o)
                0x00003aec                _sbrk
 .text._do_fflush
                0x00003b30       0x48 c:/nxp/mcuxpressoide_11.2.0_4120/ide/plugins/com.nxp.mcuxpresso.tools.win32_11.2.0.202001021529/tools/bin/../lib/gcc/arm-none-eabi/9.2.1/../../../../arm-none-eabi/lib/thumb/v6-m/nofp\libcr_c.a(_do_fflush.o)
                0x00003b30                _do_fflush
 .text.__check_heap_overflow
                0x00003b78       0x14 c:/nxp/mcuxpressoide_11.2.0_4120/ide/plugins/com.nxp.mcuxpresso.tools.win32_11.2.0.202001021529/tools/bin/../lib/gcc/arm-none-eabi/9.2.1/../../../../arm-none-eabi/lib/thumb/v6-m/nofp\libcr_c.a(_cr_check_heap.o)
                0x00003b78                __check_heap_overflow
 .text.__aeabi_dmul
                0x00003b8c      0x184 c:/nxp/mcuxpressoide_11.2.0_4120/ide/plugins/com.nxp.mcuxpresso.tools.win32_11.2.0.202001021529/tools/bin/../lib/gcc/arm-none-eabi/9.2.1/thumb/v6-m/nofp\libcr_eabihelpers.a(double.o)
                0x00003b8c                __aeabi_dmul
 .text.__aeabi_ddiv
                0x00003d10      0x150 c:/nxp/mcuxpressoide_11.2.0_4120/ide/plugins/com.nxp.mcuxpresso.tools.win32_11.2.0.202001021529/tools/bin/../lib/gcc/arm-none-eabi/9.2.1/thumb/v6-m/nofp\libcr_eabihelpers.a(double.o)
                0x00003d10                __aeabi_ddiv
 .text.__aeabi_dsub
                0x00003e60      0x1e4 c:/nxp/mcuxpressoide_11.2.0_4120/ide/plugins/com.nxp.mcuxpresso.tools.win32_11.2.0.202001021529/tools/bin/../lib/gcc/arm-none-eabi/9.2.1/thumb/v6-m/nofp\libcr_eabihelpers.a(double.o)
                0x00003e60                __aeabi_dsub
 .text.__aeabi_dadd
                0x00004044      0x134 c:/nxp/mcuxpressoide_11.2.0_4120/ide/plugins/com.nxp.mcuxpresso.tools.win32_11.2.0.202001021529/tools/bin/../lib/gcc/arm-none-eabi/9.2.1/thumb/v6-m/nofp\libcr_eabihelpers.a(double.o)
                0x00004044                __aeabi_dadd
 .text.__aeabi_d2iz
                0x00004178       0x50 c:/nxp/mcuxpressoide_11.2.0_4120/ide/plugins/com.nxp.mcuxpresso.tools.win32_11.2.0.202001021529/tools/bin/../lib/gcc/arm-none-eabi/9.2.1/thumb/v6-m/nofp\libcr_eabihelpers.a(double.o)
                0x00004178                __aeabi_d2iz
 .text.__aeabi_dcmplt
                0x000041c8       0x60 c:/nxp/mcuxpressoide_11.2.0_4120/ide/plugins/com.nxp.mcuxpresso.tools.win32_11.2.0.202001021529/tools/bin/../lib/gcc/arm-none-eabi/9.2.1/thumb/v6-m/nofp\libcr_eabihelpers.a(double.o)
                0x000041c8                __aeabi_dcmplt
 .text.__aeabi_dcmpgt
                0x00004228       0x5c c:/nxp/mcuxpressoide_11.2.0_4120/ide/plugins/com.nxp.mcuxpresso.tools.win32_11.2.0.202001021529/tools/bin/../lib/gcc/arm-none-eabi/9.2.1/thumb/v6-m/nofp\libcr_eabihelpers.a(double.o)
                0x00004228                __aeabi_dcmpgt
 .text.__aeabi_dcmpge
                0x00004284       0x64 c:/nxp/mcuxpressoide_11.2.0_4120/ide/plugins/com.nxp.mcuxpresso.tools.win32_11.2.0.202001021529/tools/bin/../lib/gcc/arm-none-eabi/9.2.1/thumb/v6-m/nofp\libcr_eabihelpers.a(double.o)
                0x00004284                __aeabi_dcmpge
 .text.UART_EnableTx
                0x000042e8       0x40 ./utilities/fsl_debug_console.o
 .text.UART_EnableRx
                0x00004328       0x40 ./utilities/fsl_debug_console.o
 .text.LPSCI_EnableTx
                0x00004368       0x40 ./utilities/fsl_debug_console.o
 .text.LPSCI_EnableRx
                0x000043a8       0x40 ./utilities/fsl_debug_console.o
 .text.DbgConsole_PrintfPaddingCharacter
                0x000043e8       0x48 ./utilities/fsl_debug_console.o
 .text.DbgConsole_ConvertRadixNumToString
                0x00004430      0x114 ./utilities/fsl_debug_console.o
 .text.DbgConsole_PrintfFormattedData
                0x00004544      0x33a ./utilities/fsl_debug_console.o
 .text.interpolate
                0x0000487e       0x48 ./source/fp_sin.o
                0x0000487e                interpolate
 .text.OSC_SetExtRefClkConfig
                0x000048c6       0x3e ./drivers/fsl_clock.o
 .text.OSC_SetCapLoad
                0x00004904       0x42 ./drivers/fsl_clock.o
 .text.CLOCK_GetPll0RefFreq
                0x00004946       0x10 ./drivers/fsl_clock.o
 .text.CLOCK_SetExternalRefClkConfig
                0x00004956       0x16 ./drivers/fsl_clock.o
                0x00004956                CLOCK_SetExternalRefClkConfig
 .text.LPSCI_GetStatusFlags
                0x0000496c       0x26 ./drivers/fsl_lpsci.o
                0x0000496c                LPSCI_GetStatusFlags
 .text.UART_GetStatusFlags
                0x00004992       0x26 ./drivers/fsl_uart.o
                0x00004992                UART_GetStatusFlags
 .text.UART_WriteBlocking
                0x000049b8       0x3c ./drivers/fsl_uart.o
                0x000049b8                UART_WriteBlocking
 .text.BOARD_InitBootClocks
                0x000049f4        0xe ./board/clock_config.o
                0x000049f4                BOARD_InitBootClocks
 .text.BOARD_InitBootPeripherals
                0x00004a02        0xa ./board/peripherals.o
                0x00004a02                BOARD_InitBootPeripherals
 .text.BOARD_InitBootPins
                0x00004a0c        0xe ./board/pin_mux.o
                0x00004a0c                BOARD_InitBootPins
 .text.__main   0x00004a1a        0xc c:/nxp/mcuxpressoide_11.2.0_4120/ide/plugins/com.nxp.mcuxpresso.tools.win32_11.2.0.202001021529/tools/bin/../lib/gcc/arm-none-eabi/9.2.1/../../../../arm-none-eabi/lib/thumb/v6-m/nofp\libcr_nohost_nf.a(_cr__main.o)
                0x00004a1a                __main
 .text.memcpy   0x00004a26        0x8 c:/nxp/mcuxpressoide_11.2.0_4120/ide/plugins/com.nxp.mcuxpresso.tools.win32_11.2.0.202001021529/tools/bin/../lib/gcc/arm-none-eabi/9.2.1/../../../../arm-none-eabi/lib/thumb/v6-m/nofp\libcr_c.a(memcpy.o)
                0x00004a26                memcpy
 .text.memset   0x00004a2e        0x8 c:/nxp/mcuxpressoide_11.2.0_4120/ide/plugins/com.nxp.mcuxpresso.tools.win32_11.2.0.202001021529/tools/bin/../lib/gcc/arm-none-eabi/9.2.1/../../../../arm-none-eabi/lib/thumb/v6-m/nofp\libcr_c.a(memset.o)
                0x00004a2e                memset
 .text.no_fp_display
                0x00004a36        0x4 c:/nxp/mcuxpressoide_11.2.0_4120/ide/plugins/com.nxp.mcuxpresso.tools.win32_11.2.0.202001021529/tools/bin/../lib/gcc/arm-none-eabi/9.2.1/../../../../arm-none-eabi/lib/thumb/v6-m/nofp\libcr_c.a(printf.o)
 .text.sin      0x00004a3a       0x36 c:/nxp/mcuxpressoide_11.2.0_4120/ide/plugins/com.nxp.mcuxpresso.tools.win32_11.2.0.202001021529/tools/bin/../lib/gcc/arm-none-eabi/9.2.1/../../../../arm-none-eabi/lib/thumb/v6-m/nofp\libcr_c.a(sin.o)
                0x00004a3a                sin
 .text.free     0x00004a70       0x2c c:/nxp/mcuxpressoide_11.2.0_4120/ide/plugins/com.nxp.mcuxpresso.tools.win32_11.2.0.202001021529/tools/bin/../lib/gcc/arm-none-eabi/9.2.1/../../../../arm-none-eabi/lib/thumb/v6-m/nofp\libcr_c.a(alloc.o)
                0x00004a70                free
 .text.fabs     0x00004a9c       0x22 c:/nxp/mcuxpressoide_11.2.0_4120/ide/plugins/com.nxp.mcuxpresso.tools.win32_11.2.0.202001021529/tools/bin/../lib/gcc/arm-none-eabi/9.2.1/../../../../arm-none-eabi/lib/thumb/v6-m/nofp\libcr_c.a(fabs.o)
                0x00004a9c                fabs
 .text.remove   0x00004abe       0x12 c:/nxp/mcuxpressoide_11.2.0_4120/ide/plugins/com.nxp.mcuxpresso.tools.win32_11.2.0.202001021529/tools/bin/../lib/gcc/arm-none-eabi/9.2.1/../../../../arm-none-eabi/lib/thumb/v6-m/nofp\libcr_c.a(remove.o)
                0x00004abe                remove
 .text.__aeabi_division_idivmod
                0x00004ad0       0x78 c:/nxp/mcuxpressoide_11.2.0_4120/ide/plugins/com.nxp.mcuxpresso.tools.win32_11.2.0.202001021529/tools/bin/../lib/gcc/arm-none-eabi/9.2.1/thumb/v6-m/nofp\libcr_eabihelpers.a(division_32.o)
                0x00004ad0                __aeabi_idivmod
                0x00004ad0                __aeabi_idiv
                0x00004ad6                __aeabi_uidivmod
                0x00004ad6                __aeabi_uidiv
 .text.__aeabi_division_idiv0
                0x00004b48        0x2 c:/nxp/mcuxpressoide_11.2.0_4120/ide/plugins/com.nxp.mcuxpresso.tools.win32_11.2.0.202001021529/tools/bin/../lib/gcc/arm-none-eabi/9.2.1/thumb/v6-m/nofp\libcr_eabihelpers.a(division_idiv0.o)
                0x00004b48                __aeabi_idiv0
 .text.__bhs_ui2d
                0x00004b4a       0x5e c:/nxp/mcuxpressoide_11.2.0_4120/ide/plugins/com.nxp.mcuxpresso.tools.win32_11.2.0.202001021529/tools/bin/../lib/gcc/arm-none-eabi/9.2.1/thumb/v6-m/nofp\libcr_eabihelpers.a(double.o)
                0x00004b4a                __bhs_ui2d
 .text.__aeabi_i2d
                0x00004ba8       0x18 c:/nxp/mcuxpressoide_11.2.0_4120/ide/plugins/com.nxp.mcuxpresso.tools.win32_11.2.0.202001021529/tools/bin/../lib/gcc/arm-none-eabi/9.2.1/thumb/v6-m/nofp\libcr_eabihelpers.a(double.o)
                0x00004ba8                __aeabi_i2d
 .text.__aeabi_llong_lmul
                0x00004bc0       0x2e c:/nxp/mcuxpressoide_11.2.0_4120/ide/plugins/com.nxp.mcuxpresso.tools.win32_11.2.0.202001021529/tools/bin/../lib/gcc/arm-none-eabi/9.2.1/thumb/v6-m/nofp\libcr_eabihelpers.a(llong.o)
                0x00004bc0                __aeabi_lmul
 .text.__aeabi_memcpy
                0x00004bee       0x2c c:/nxp/mcuxpressoide_11.2.0_4120/ide/plugins/com.nxp.mcuxpresso.tools.win32_11.2.0.202001021529/tools/bin/../lib/gcc/arm-none-eabi/9.2.1/thumb/v6-m/nofp\libcr_eabihelpers.a(memcpy.o)
                0x00004bee                __aeabi_memcpy4
                0x00004bee                __aeabi_memcpy8
                0x00004bee                __aeabi_memcpy
 .text.__aeabi_memset_lowlevel
                0x00004c1a       0x2a c:/nxp/mcuxpressoide_11.2.0_4120/ide/plugins/com.nxp.mcuxpresso.tools.win32_11.2.0.202001021529/tools/bin/../lib/gcc/arm-none-eabi/9.2.1/thumb/v6-m/nofp\libcr_eabihelpers.a(memcpy.o)
                0x00004c1a                __aeabi_lowlevel_memset
 .text.__gnu_thumb1_case_shi
                0x00004c44       0x10 c:/nxp/mcuxpressoide_11.2.0_4120/ide/plugins/com.nxp.mcuxpresso.tools.win32_11.2.0.202001021529/tools/bin/../lib/gcc/arm-none-eabi/9.2.1/thumb/v6-m/nofp\libcr_eabihelpers.a(thumb1_switch_helpers.o)
                0x00004c44                __gnu_thumb1_case_shi
 .text.__sys_appexit
                0x00004c54        0x2 c:/nxp/mcuxpressoide_11.2.0_4120/ide/plugins/com.nxp.mcuxpresso.tools.win32_11.2.0.202001021529/tools/bin/../lib/gcc/arm-none-eabi/9.2.1/../../../../arm-none-eabi/lib/thumb/v6-m/nofp\libcr_nohost_nf.a(__sys_appexit.o)
                0x00004c54                __sys_appexit
                0x00004c54                __exit
 .text.__sys_close
                0x00004c56        0x6 c:/nxp/mcuxpressoide_11.2.0_4120/ide/plugins/com.nxp.mcuxpresso.tools.win32_11.2.0.202001021529/tools/bin/../lib/gcc/arm-none-eabi/9.2.1/../../../../arm-none-eabi/lib/thumb/v6-m/nofp\libcr_nohost_nf.a(__sys_close.o)
                0x00004c56                __sys_close
 .text.__sys_flen
                0x00004c5c        0x6 c:/nxp/mcuxpressoide_11.2.0_4120/ide/plugins/com.nxp.mcuxpresso.tools.win32_11.2.0.202001021529/tools/bin/../lib/gcc/arm-none-eabi/9.2.1/../../../../arm-none-eabi/lib/thumb/v6-m/nofp\libcr_nohost_nf.a(__sys_flen.o)
                0x00004c5c                __sys_flen
 .text.__sys_istty
                0x00004c62        0x6 c:/nxp/mcuxpressoide_11.2.0_4120/ide/plugins/com.nxp.mcuxpresso.tools.win32_11.2.0.202001021529/tools/bin/../lib/gcc/arm-none-eabi/9.2.1/../../../../arm-none-eabi/lib/thumb/v6-m/nofp\libcr_nohost_nf.a(__sys_istty.o)
                0x00004c62                __sys_istty
 .text.__sys_remove
                0x00004c68        0x6 c:/nxp/mcuxpressoide_11.2.0_4120/ide/plugins/com.nxp.mcuxpresso.tools.win32_11.2.0.202001021529/tools/bin/../lib/gcc/arm-none-eabi/9.2.1/../../../../arm-none-eabi/lib/thumb/v6-m/nofp\libcr_nohost_nf.a(__sys_remove.o)
                0x00004c68                __sys_remove
 .text.__sys_seek
                0x00004c6e        0x6 c:/nxp/mcuxpressoide_11.2.0_4120/ide/plugins/com.nxp.mcuxpresso.tools.win32_11.2.0.202001021529/tools/bin/../lib/gcc/arm-none-eabi/9.2.1/../../../../arm-none-eabi/lib/thumb/v6-m/nofp\libcr_nohost_nf.a(__sys_seek.o)
                0x00004c6e                __sys_seek
 .text.__sys_tmpnam
                0x00004c74        0x6 c:/nxp/mcuxpressoide_11.2.0_4120/ide/plugins/com.nxp.mcuxpresso.tools.win32_11.2.0.202001021529/tools/bin/../lib/gcc/arm-none-eabi/9.2.1/../../../../arm-none-eabi/lib/thumb/v6-m/nofp\libcr_nohost_nf.a(__sys_tmpnam.o)
                0x00004c74                __sys_tmpnam
 .text.__sys_write
                0x00004c7a        0x4 c:/nxp/mcuxpressoide_11.2.0_4120/ide/plugins/com.nxp.mcuxpresso.tools.win32_11.2.0.202001021529/tools/bin/../lib/gcc/arm-none-eabi/9.2.1/../../../../arm-none-eabi/lib/thumb/v6-m/nofp\libcr_nohost_nf.a(__sys_write.o)
                0x00004c7a                __sys_write
 *(SORT_BY_ALIGNMENT(.rodata) SORT_BY_ALIGNMENT(.rodata.*) SORT_BY_ALIGNMENT(.constdata) SORT_BY_ALIGNMENT(.constdata.*))
 *fill*         0x00004c7e        0x2 ff
 .rodata.analysis.str1.4
                0x00004c80       0x31 ./source/adc.o
 *fill*         0x00004cb1        0x3 ff
 .rodata.tone_to_samples.str1.4
                0x00004cb4       0x41 ./source/analog_out.o
 *fill*         0x00004cf5        0x3 ff
 .rodata.sin_lookup
                0x00004cf8       0x42 ./source/fp_sin.o
 *fill*         0x00004d3a        0x2 ff
 .rodata.main.str1.4
                0x00004d3c       0x72 ./source/main.o
 *fill*         0x00004dae        0x2 ff
 .rodata        0x00004db0       0x10 ./source/main.o
 .rodata.test_sin.str1.4
                0x00004dc0       0x16 ./source/test_sin.o
 *fill*         0x00004dd6        0x2 ff
 .rodata.CLOCK_GetMcgExtClkFreq.str1.4
                0x00004dd8       0x1f ./drivers/fsl_clock.o
 *fill*         0x00004df7        0x1 ff
 .rodata.CLOCK_GetPll0Freq.str1.4
                0x00004df8       0x1e ./drivers/fsl_clock.o
 *fill*         0x00004e16        0x2 ff
 .rodata.CLOCK_EnablePll0.str1.4
                0x00004e18       0x1a ./drivers/fsl_clock.o
 *fill*         0x00004e32        0x2 ff
 .rodata.CLOCK_SetPbeMode.str1.4
                0x00004e34       0x1b ./drivers/fsl_clock.o
 *fill*         0x00004e4f        0x1 ff
 .rodata.CLOCK_BootToPeeMode.str1.4
                0x00004e50       0x1b ./drivers/fsl_clock.o
 *fill*         0x00004e6b        0x1 ff
 .rodata.fllFactorTable.5210
                0x00004e6c       0x10 ./drivers/fsl_clock.o
 .rodata.__assertion_failed.str1.4
                0x00004e7c        0x4 ./drivers/fsl_common.o
 .rodata.DMA_ClearChannelStatusFlags.str1.4
                0x00004e80       0x3d ./drivers/fsl_dma.o
 *fill*         0x00004ebd        0x3 ff
 .rodata.DMA_HandleIRQ.str1.4
                0x00004ec0       0x20 ./drivers/fsl_dma.o
 .rodata.LPSCI_GetInstance.str1.4
                0x00004ee0       0x37 ./drivers/fsl_lpsci.o
 *fill*         0x00004f17        0x1 ff
 .rodata.LPSCI_Init.str1.4
                0x00004f18       0x44 ./drivers/fsl_lpsci.o
 .rodata.LPSCI_GetDefaultConfig.str1.4
                0x00004f5c       0x1a ./drivers/fsl_lpsci.o
 *fill*         0x00004f76        0x2 ff
 .rodata.LPSCI_WriteBlocking.str1.4
                0x00004f78       0x18 ./drivers/fsl_lpsci.o
 .rodata.LPSCI_ReadBlocking.str1.4
                0x00004f90       0x18 ./drivers/fsl_lpsci.o
 .rodata.s_uartBases
                0x00004fa8        0xc ./drivers/fsl_uart.o
 .rodata.s_uartClock
                0x00004fb4        0xc ./drivers/fsl_uart.o
 .rodata.UART_GetInstance.str1.4
                0x00004fc0       0x2c ./drivers/fsl_uart.o
 .rodata.UART_Init.str1.4
                0x00004fec       0x43 ./drivers/fsl_uart.o
 *fill*         0x0000502f        0x1 ff
 .rodata.UART_GetDefaultConfig.str1.4
                0x00005030       0x19 ./drivers/fsl_uart.o
 *fill*         0x00005049        0x3 ff
 .rodata.UART_ReadBlocking.str1.4
                0x0000504c       0x17 ./drivers/fsl_uart.o
 *fill*         0x00005063        0x1 ff
 .rodata.mcgConfig_BOARD_BootClockRUN
                0x00005064        0xa ./board/clock_config.o
                0x00005064                mcgConfig_BOARD_BootClockRUN
 *fill*         0x0000506e        0x2 ff
 .rodata.simConfig_BOARD_BootClockRUN
                0x00005070        0x8 ./board/clock_config.o
                0x00005070                simConfig_BOARD_BootClockRUN
 .rodata.oscConfig_BOARD_BootClockRUN
                0x00005078        0x8 ./board/clock_config.o
                0x00005078                oscConfig_BOARD_BootClockRUN
 .rodata.__num_Ciob_streams
                0x00005080        0x4 c:/nxp/mcuxpressoide_11.2.0_4120/ide/plugins/com.nxp.mcuxpresso.tools.win32_11.2.0.202001021529/tools/bin/../lib/gcc/arm-none-eabi/9.2.1/../../../../arm-none-eabi/lib/thumb/v6-m/nofp\libcr_nohost_nf.a(__ciob.o)
                0x00005080                __num_Ciob_streams
 .rodata._initio.str1.1
                0x00005084        0x4 c:/nxp/mcuxpressoide_11.2.0_4120/ide/plugins/com.nxp.mcuxpresso.tools.win32_11.2.0.202001021529/tools/bin/../lib/gcc/arm-none-eabi/9.2.1/../../../../arm-none-eabi/lib/thumb/v6-m/nofp\libcr_c.a(initio.o)
 .rodata.__vfprintf.str1.1
                0x00005088       0x37 c:/nxp/mcuxpressoide_11.2.0_4120/ide/plugins/com.nxp.mcuxpresso.tools.win32_11.2.0.202001021529/tools/bin/../lib/gcc/arm-none-eabi/9.2.1/../../../../arm-none-eabi/lib/thumb/v6-m/nofp\libcr_c.a(printf.o)
                                 0x38 (size before relaxing)
 .rodata._Csys_alloc.str1.1
                0x000050bf       0x18 c:/nxp/mcuxpressoide_11.2.0_4120/ide/plugins/com.nxp.mcuxpresso.tools.win32_11.2.0.202001021529/tools/bin/../lib/gcc/arm-none-eabi/9.2.1/../../../../arm-none-eabi/lib/thumb/v6-m/nofp\libcr_c.a(alloc.o)
                0x000050d8                . = ALIGN (0x4)
 *fill*         0x000050d7        0x1 ff

.glue_7         0x000050d8        0x0
 .glue_7        0x000050d8        0x0 linker stubs

.glue_7t        0x000050d8        0x0
 .glue_7t       0x000050d8        0x0 linker stubs

.vfp11_veneer   0x000050d8        0x0
 .vfp11_veneer  0x000050d8        0x0 linker stubs

.v4_bx          0x000050d8        0x0
 .v4_bx         0x000050d8        0x0 linker stubs

.iplt           0x000050d8        0x0
 .iplt          0x000050d8        0x0 ./utilities/fsl_debug_console.o

.rel.dyn        0x000050d8        0x0
 .rel.iplt      0x000050d8        0x0 ./utilities/fsl_debug_console.o

.ARM.extab
 *(SORT_BY_ALIGNMENT(.ARM.extab*) SORT_BY_ALIGNMENT(.gnu.linkonce.armextab.*))

.ARM.exidx      0x000050d8        0x0
                0x000050d8                __exidx_start = .
 *(SORT_BY_ALIGNMENT(.ARM.exidx*) SORT_BY_ALIGNMENT(.gnu.linkonce.armexidx.*))
                0x000050d8                __exidx_end = .
                0x000050d8                _etext = .

.m_usb_data
 *(SORT_BY_ALIGNMENT(m_usb_bdt))

.mtb_buffer_default
                0x1ffff000       0x80
 *(SORT_BY_ALIGNMENT(.mtb*))
 .mtb.$RAM1     0x1ffff000       0x80 ./source/mtb.o
                0x1ffff000                __mtb_buffer__

.uninit_RESERVED
                0x1ffff080        0x0
                0x1ffff080                _start_uninit_RESERVED = .
 *(SORT_BY_ALIGNMENT(.bss.$RESERVED*))
                0x1ffff080                . = ALIGN (0x4)
                0x1ffff080                _end_uninit_RESERVED = .

.data           0x1ffff080        0x8 load address 0x000050d8
 FILL mask 0xff
                0x1ffff080                _data = .
                [!provide]                PROVIDE (__start_data_RAM = .)
                [!provide]                PROVIDE (__start_data_SRAM = .)
 *(SORT_BY_ALIGNMENT(vtable))
 *(SORT_BY_ALIGNMENT(.ramfunc*))
 *(SORT_BY_ALIGNMENT(CodeQuickAccess))
 *(SORT_BY_ALIGNMENT(DataQuickAccess))
 *(SORT_BY_ALIGNMENT(RamFunction))
 *(SORT_BY_ALIGNMENT(.data*))
 .data.s_slowIrcFreq
                0x1ffff080        0x4 ./drivers/fsl_clock.o
 .data.SystemCoreClock
                0x1ffff084        0x4 ./CMSIS/system_MKL25Z4.o
                0x1ffff084                SystemCoreClock
                0x1ffff088                . = ALIGN (0x4)
                0x1ffff088                _edata = .
                [!provide]                PROVIDE (__end_data_RAM = .)
                [!provide]                PROVIDE (__end_data_SRAM = .)

.igot.plt       0x1ffff088        0x0 load address 0x000050e0
 .igot.plt      0x1ffff088        0x0 ./utilities/fsl_debug_console.o

.bss            0x1ffff088      0x908
                0x1ffff088                _bss = .
                [!provide]                PROVIDE (__start_bss_RAM = .)
                [!provide]                PROVIDE (__start_bss_SRAM = .)
 *(SORT_BY_ALIGNMENT(.bss*))
 .bss.s_debugConsole
                0x1ffff088       0x10 ./utilities/fsl_debug_console.o
 .bss.buffer    0x1ffff098      0x800 ./source/dac.o
 .bss.total_bytes
                0x1ffff898        0x4 ./source/dac.o
 .bss.timer_start
                0x1ffff89c        0x4 ./source/systick.o
                0x1ffff89c                timer_start
 .bss.reset_tim_value
                0x1ffff8a0        0x4 ./source/systick.o
                0x1ffff8a0                reset_tim_value
 .bss.g_xtal0Freq
                0x1ffff8a4        0x4 ./drivers/fsl_clock.o
                0x1ffff8a4                g_xtal0Freq
 .bss.s_DMAHandle
                0x1ffff8a8       0x10 ./drivers/fsl_dma.o
 .bss.s_lpsciHandle
                0x1ffff8b8        0x4 ./drivers/fsl_lpsci.o
 .bss.s_lpsciIsr
                0x1ffff8bc        0x4 ./drivers/fsl_lpsci.o
 .bss.s_uartHandle
                0x1ffff8c0        0xc ./drivers/fsl_uart.o
 .bss.s_uartIsr
                0x1ffff8cc        0x4 ./drivers/fsl_uart.o
 .bss.errno     0x1ffff8d0        0x4 c:/nxp/mcuxpressoide_11.2.0_4120/ide/plugins/com.nxp.mcuxpresso.tools.win32_11.2.0.202001021529/tools/bin/../lib/gcc/arm-none-eabi/9.2.1/../../../../arm-none-eabi/lib/thumb/v6-m/nofp\libcr_c.a(errno.o)
                0x1ffff8d0                errno
 .bss.__end_of_heap
                0x1ffff8d4        0x4 c:/nxp/mcuxpressoide_11.2.0_4120/ide/plugins/com.nxp.mcuxpresso.tools.win32_11.2.0.202001021529/tools/bin/../lib/gcc/arm-none-eabi/9.2.1/../../../../arm-none-eabi/lib/thumb/v6-m/nofp\libcr_c.a(__init_alloc.o)
                0x1ffff8d4                __end_of_heap
 .bss.__heaps   0x1ffff8d8        0x4 c:/nxp/mcuxpressoide_11.2.0_4120/ide/plugins/com.nxp.mcuxpresso.tools.win32_11.2.0.202001021529/tools/bin/../lib/gcc/arm-none-eabi/9.2.1/../../../../arm-none-eabi/lib/thumb/v6-m/nofp\libcr_c.a(__init_alloc.o)
                0x1ffff8d8                __heaps
 .bss.__Ciob    0x1ffff8dc       0xb4 c:/nxp/mcuxpressoide_11.2.0_4120/ide/plugins/com.nxp.mcuxpresso.tools.win32_11.2.0.202001021529/tools/bin/../lib/gcc/arm-none-eabi/9.2.1/../../../../arm-none-eabi/lib/thumb/v6-m/nofp\libcr_nohost_nf.a(__ciob.o)
                0x1ffff8dc                __Ciob
 *(SORT_BY_ALIGNMENT(COMMON))
                0x1ffff990                . = ALIGN (0x4)
                0x1ffff990                _ebss = .
                [!provide]                PROVIDE (__end_bss_RAM = .)
                [!provide]                PROVIDE (__end_bss_SRAM = .)
                [!provide]                PROVIDE (end = .)

.noinit         0x1ffff990        0x0
                0x1ffff990                _noinit = .
                [!provide]                PROVIDE (__start_noinit_RAM = .)
                [!provide]                PROVIDE (__start_noinit_SRAM = .)
 *(SORT_BY_ALIGNMENT(.noinit*))
                0x1ffff990                . = ALIGN (0x4)
                0x1ffff990                _end_noinit = .
                [!provide]                PROVIDE (__end_noinit_RAM = .)
                [!provide]                PROVIDE (__end_noinit_SRAM = .)
                0x00000400                _HeapSize = 0x400

.heap           0x1ffff990      0x400
                0x1ffff990                _pvHeapStart = .
                0x1ffffd90                . = (. + _HeapSize)
 *fill*         0x1ffff990      0x400 
                0x1ffffd90                . = ALIGN (0x4)
                0x1ffffd90                _pvHeapLimit = .
                0x00000400                _StackSize = 0x400

.heap2stackfill
                0x1ffffd90      0x400
                0x20000190                . = (. + _StackSize)
 *fill*         0x1ffffd90      0x400 

.stack          0x20002c00        0x0
                0x20002c00                _vStackBase = .
                0x20002c00                . = ALIGN (0x4)
                0x20003000                _vStackTop = (. + _StackSize)
                0x00000000                _image_start = LOADADDR (.text)
                0x000050e0                _image_end = (LOADADDR (.data) + SIZEOF (.data))
                0x000050e0                _image_size = (_image_end - _image_start)
OUTPUT(Getting In Tune.axf elf32-littlearm)

.debug_info     0x00000000     0xaedd
 .debug_info    0x00000000      0xe72 ./utilities/fsl_debug_console.o
 .debug_info    0x00000e72      0x4df ./startup/startup_mkl25z4.o
 .debug_info    0x00001351      0x7a2 ./source/adc.o
 .debug_info    0x00001af3      0x289 ./source/analog_out.o
 .debug_info    0x00001d7c      0x1ce ./source/autocorrelate.o
 .debug_info    0x00001f4a      0xb3b ./source/dac.o
 .debug_info    0x00002a85      0x467 ./source/fp_sin.o
 .debug_info    0x00002eec      0x58f ./source/main.o
 .debug_info    0x0000347b       0x53 ./source/mtb.o
 .debug_info    0x000034ce       0x3c ./source/semihost_hardfault.o
 .debug_info    0x0000350a      0x4ca ./source/systick.o
 .debug_info    0x000039d4      0x25b ./source/test_sin.o
 .debug_info    0x00003c2f     0x1a97 ./drivers/fsl_clock.o
 .debug_info    0x000056c6      0x444 ./drivers/fsl_common.o
 .debug_info    0x00005b0a      0xf4e ./drivers/fsl_dma.o
 .debug_info    0x00006a58     0x1469 ./drivers/fsl_lpsci.o
 .debug_info    0x00007ec1     0x140a ./drivers/fsl_uart.o
 .debug_info    0x000092cb      0x6fa ./board/board.o
 .debug_info    0x000099c5      0xb00 ./board/clock_config.o
 .debug_info    0x0000a4c5       0x3c ./board/peripherals.o
 .debug_info    0x0000a501      0x5a3 ./board/pin_mux.o
 .debug_info    0x0000aaa4      0x439 ./CMSIS/system_MKL25Z4.o

.debug_abbrev   0x00000000     0x25e1
 .debug_abbrev  0x00000000      0x2d7 ./utilities/fsl_debug_console.o
 .debug_abbrev  0x000002d7      0x18d ./startup/startup_mkl25z4.o
 .debug_abbrev  0x00000464      0x189 ./source/adc.o
 .debug_abbrev  0x000005ed       0xfc ./source/analog_out.o
 .debug_abbrev  0x000006e9       0xf4 ./source/autocorrelate.o
 .debug_abbrev  0x000007dd      0x24e ./source/dac.o
 .debug_abbrev  0x00000a2b      0x146 ./source/fp_sin.o
 .debug_abbrev  0x00000b71      0x162 ./source/main.o
 .debug_abbrev  0x00000cd3       0x46 ./source/mtb.o
 .debug_abbrev  0x00000d19       0x31 ./source/semihost_hardfault.o
 .debug_abbrev  0x00000d4a      0x1cf ./source/systick.o
 .debug_abbrev  0x00000f19       0xe5 ./source/test_sin.o
 .debug_abbrev  0x00000ffe      0x36f ./drivers/fsl_clock.o
 .debug_abbrev  0x0000136d      0x275 ./drivers/fsl_common.o
 .debug_abbrev  0x000015e2      0x2ec ./drivers/fsl_dma.o
 .debug_abbrev  0x000018ce      0x309 ./drivers/fsl_lpsci.o
 .debug_abbrev  0x00001bd7      0x323 ./drivers/fsl_uart.o
 .debug_abbrev  0x00001efa      0x185 ./board/board.o
 .debug_abbrev  0x0000207f      0x220 ./board/clock_config.o
 .debug_abbrev  0x0000229f       0x31 ./board/peripherals.o
 .debug_abbrev  0x000022d0      0x1bb ./board/pin_mux.o
 .debug_abbrev  0x0000248b      0x156 ./CMSIS/system_MKL25Z4.o

.debug_aranges  0x00000000      0x9f0
 .debug_aranges
                0x00000000       0x90 ./utilities/fsl_debug_console.o
 .debug_aranges
                0x00000090      0x160 ./startup/startup_mkl25z4.o
 .debug_aranges
                0x000001f0       0x48 ./source/adc.o
 .debug_aranges
                0x00000238       0x20 ./source/analog_out.o
 .debug_aranges
                0x00000258       0x20 ./source/autocorrelate.o
 .debug_aranges
                0x00000278       0x68 ./source/dac.o
 .debug_aranges
                0x000002e0       0x28 ./source/fp_sin.o
 .debug_aranges
                0x00000308       0x20 ./source/main.o
 .debug_aranges
                0x00000328       0x18 ./source/mtb.o
 .debug_aranges
                0x00000340       0x20 ./source/semihost_hardfault.o
 .debug_aranges
                0x00000360       0x48 ./source/systick.o
 .debug_aranges
                0x000003a8       0x20 ./source/test_sin.o
 .debug_aranges
                0x000003c8      0x1d8 ./drivers/fsl_clock.o
 .debug_aranges
                0x000005a0       0x38 ./drivers/fsl_common.o
 .debug_aranges
                0x000005d8       0xd0 ./drivers/fsl_dma.o
 .debug_aranges
                0x000006a8      0x118 ./drivers/fsl_lpsci.o
 .debug_aranges
                0x000007c0      0x130 ./drivers/fsl_uart.o
 .debug_aranges
                0x000008f0       0x28 ./board/board.o
 .debug_aranges
                0x00000918       0x58 ./board/clock_config.o
 .debug_aranges
                0x00000970       0x20 ./board/peripherals.o
 .debug_aranges
                0x00000990       0x38 ./board/pin_mux.o
 .debug_aranges
                0x000009c8       0x28 ./CMSIS/system_MKL25Z4.o

.debug_ranges   0x00000000      0x888
 .debug_ranges  0x00000000       0x80 ./utilities/fsl_debug_console.o
 .debug_ranges  0x00000080      0x150 ./startup/startup_mkl25z4.o
 .debug_ranges  0x000001d0       0x38 ./source/adc.o
 .debug_ranges  0x00000208       0x10 ./source/analog_out.o
 .debug_ranges  0x00000218       0x10 ./source/autocorrelate.o
 .debug_ranges  0x00000228       0x58 ./source/dac.o
 .debug_ranges  0x00000280       0x18 ./source/fp_sin.o
 .debug_ranges  0x00000298       0x10 ./source/main.o
 .debug_ranges  0x000002a8       0x10 ./source/semihost_hardfault.o
 .debug_ranges  0x000002b8       0x38 ./source/systick.o
 .debug_ranges  0x000002f0       0x10 ./source/test_sin.o
 .debug_ranges  0x00000300      0x1c8 ./drivers/fsl_clock.o
 .debug_ranges  0x000004c8       0x28 ./drivers/fsl_common.o
 .debug_ranges  0x000004f0       0xc0 ./drivers/fsl_dma.o
 .debug_ranges  0x000005b0      0x108 ./drivers/fsl_lpsci.o
 .debug_ranges  0x000006b8      0x120 ./drivers/fsl_uart.o
 .debug_ranges  0x000007d8       0x18 ./board/board.o
 .debug_ranges  0x000007f0       0x48 ./board/clock_config.o
 .debug_ranges  0x00000838       0x10 ./board/peripherals.o
 .debug_ranges  0x00000848       0x28 ./board/pin_mux.o
 .debug_ranges  0x00000870       0x18 ./CMSIS/system_MKL25Z4.o

.debug_macro    0x00000000     0x941e
 .debug_macro   0x00000000      0x127 ./utilities/fsl_debug_console.o
 .debug_macro   0x00000127      0xaa2 ./utilities/fsl_debug_console.o
 .debug_macro   0x00000bc9       0x10 ./utilities/fsl_debug_console.o
 .debug_macro   0x00000bd9       0x16 ./utilities/fsl_debug_console.o
 .debug_macro   0x00000bef       0x10 ./utilities/fsl_debug_console.o
 .debug_macro   0x00000bff      0x12e ./utilities/fsl_debug_console.o
 .debug_macro   0x00000d2d       0x28 ./utilities/fsl_debug_console.o
 .debug_macro   0x00000d55       0xc4 ./utilities/fsl_debug_console.o
 .debug_macro   0x00000e19       0x16 ./utilities/fsl_debug_console.o
 .debug_macro   0x00000e2f       0x22 ./utilities/fsl_debug_console.o
 .debug_macro   0x00000e51      0x5b3 ./utilities/fsl_debug_console.o
 .debug_macro   0x00001404       0x10 ./utilities/fsl_debug_console.o
 .debug_macro   0x00001414       0x3f ./utilities/fsl_debug_console.o
 .debug_macro   0x00001453       0x3a ./utilities/fsl_debug_console.o
 .debug_macro   0x0000148d       0x26 ./utilities/fsl_debug_console.o
 .debug_macro   0x000014b3      0x329 ./utilities/fsl_debug_console.o
 .debug_macro   0x000017dc       0x30 ./utilities/fsl_debug_console.o
 .debug_macro   0x0000180c     0x51e2 ./utilities/fsl_debug_console.o
 .debug_macro   0x000069ee     0x1352 ./utilities/fsl_debug_console.o
 .debug_macro   0x00007d40       0x3a ./utilities/fsl_debug_console.o
 .debug_macro   0x00007d7a       0xf4 ./utilities/fsl_debug_console.o
 .debug_macro   0x00007e6e       0x35 ./utilities/fsl_debug_console.o
 .debug_macro   0x00007ea3       0x2e ./utilities/fsl_debug_console.o
 .debug_macro   0x00007ed1       0x10 ./utilities/fsl_debug_console.o
 .debug_macro   0x00007ee1       0x10 ./utilities/fsl_debug_console.o
 .debug_macro   0x00007ef1       0x29 ./startup/startup_mkl25z4.o
 .debug_macro   0x00007f1a      0x115 ./source/adc.o
 .debug_macro   0x0000802f       0xd8 ./source/adc.o
 .debug_macro   0x00008107       0x16 ./source/adc.o
 .debug_macro   0x0000811d      0x144 ./source/analog_out.o
 .debug_macro   0x00008261       0x10 ./source/analog_out.o
 .debug_macro   0x00008271       0x16 ./source/analog_out.o
 .debug_macro   0x00008287       0x22 ./source/analog_out.o
 .debug_macro   0x000082a9       0x58 ./source/autocorrelate.o
 .debug_macro   0x00008301       0xb8 ./source/dac.o
 .debug_macro   0x000083b9       0x34 ./source/dac.o
 .debug_macro   0x000083ed      0x156 ./source/fp_sin.o
 .debug_macro   0x00008543       0x1c ./source/fp_sin.o
 .debug_macro   0x0000855f      0x17d ./source/main.o
 .debug_macro   0x000086dc       0x16 ./source/main.o
 .debug_macro   0x000086f2       0x10 ./source/main.o
 .debug_macro   0x00008702      0x112 ./source/main.o
 .debug_macro   0x00008814       0x34 ./source/main.o
 .debug_macro   0x00008848       0x2f ./source/mtb.o
 .debug_macro   0x00008877       0x82 ./source/mtb.o
 .debug_macro   0x000088f9       0x10 ./source/mtb.o
 .debug_macro   0x00008909       0x11 ./source/semihost_hardfault.o
 .debug_macro   0x0000891a       0xa0 ./source/systick.o
 .debug_macro   0x000089ba      0x11a ./source/test_sin.o
 .debug_macro   0x00008ad4      0x196 ./drivers/fsl_clock.o
 .debug_macro   0x00008c6a       0xef ./drivers/fsl_common.o
 .debug_macro   0x00008d59       0xec ./drivers/fsl_dma.o
 .debug_macro   0x00008e45       0xec ./drivers/fsl_lpsci.o
 .debug_macro   0x00008f31       0xf2 ./drivers/fsl_uart.o
 .debug_macro   0x00009023      0x112 ./board/board.o
 .debug_macro   0x00009135      0x123 ./board/clock_config.o
 .debug_macro   0x00009258       0x1b ./board/peripherals.o
 .debug_macro   0x00009273      0x107 ./board/pin_mux.o
 .debug_macro   0x0000937a       0x10 ./board/pin_mux.o
 .debug_macro   0x0000938a       0x94 ./CMSIS/system_MKL25Z4.o

.debug_line     0x00000000     0x7546
 .debug_line    0x00000000      0xc72 ./utilities/fsl_debug_console.o
 .debug_line    0x00000c72      0x1e7 ./startup/startup_mkl25z4.o
 .debug_line    0x00000e59      0x4a2 ./source/adc.o
 .debug_line    0x000012fb      0x3ed ./source/analog_out.o
 .debug_line    0x000016e8      0x2b5 ./source/autocorrelate.o
 .debug_line    0x0000199d      0x417 ./source/dac.o
 .debug_line    0x00001db4      0x3f5 ./source/fp_sin.o
 .debug_line    0x000021a9      0x448 ./source/main.o
 .debug_line    0x000025f1       0xd1 ./source/mtb.o
 .debug_line    0x000026c2       0x59 ./source/semihost_hardfault.o
 .debug_line    0x0000271b      0x32c ./source/systick.o
 .debug_line    0x00002a47      0x399 ./source/test_sin.o
 .debug_line    0x00002de0     0x12ef ./drivers/fsl_clock.o
 .debug_line    0x000040cf      0x411 ./drivers/fsl_common.o
 .debug_line    0x000044e0      0x74e ./drivers/fsl_dma.o
 .debug_line    0x00004c2e      0xd68 ./drivers/fsl_lpsci.o
 .debug_line    0x00005996      0xd57 ./drivers/fsl_uart.o
 .debug_line    0x000066ed      0x385 ./board/board.o
 .debug_line    0x00006a72      0x3df ./board/clock_config.o
 .debug_line    0x00006e51       0x5c ./board/peripherals.o
 .debug_line    0x00006ead      0x366 ./board/pin_mux.o
 .debug_line    0x00007213      0x333 ./CMSIS/system_MKL25Z4.o

.debug_str      0x00000000    0x36b68
 .debug_str     0x00000000    0x314c5 ./utilities/fsl_debug_console.o
                              0x3177c (size before relaxing)
 .debug_str     0x000314c5      0x3e1 ./startup/startup_mkl25z4.o
                               0x31cf (size before relaxing)
 .debug_str     0x000318a6      0x54c ./source/adc.o
                              0x30b2d (size before relaxing)
 .debug_str     0x00031df2       0xec ./source/analog_out.o
                              0x30a68 (size before relaxing)
 .debug_str     0x00031ede       0xc1 ./source/autocorrelate.o
                               0x4675 (size before relaxing)
 .debug_str     0x00031f9f      0x31a ./source/dac.o
                              0x29561 (size before relaxing)
 .debug_str     0x000322b9       0x97 ./source/fp_sin.o
                              0x30ef5 (size before relaxing)
 .debug_str     0x00032350      0xd7d ./source/main.o
                              0x3179f (size before relaxing)
 .debug_str     0x000330cd      0x532 ./source/mtb.o
                               0x32db (size before relaxing)
 .debug_str     0x000335ff       0x1f ./source/semihost_hardfault.o
                               0x2dc8 (size before relaxing)
 .debug_str     0x0003361e       0xa0 ./source/systick.o
                              0x2905f (size before relaxing)
 .debug_str     0x000336be       0x3d ./source/test_sin.o
                              0x30ea5 (size before relaxing)
 .debug_str     0x000336fb     0x14d2 ./drivers/fsl_clock.o
                              0x322d6 (size before relaxing)
 .debug_str     0x00034bcd      0x113 ./drivers/fsl_common.o
                              0x308bd (size before relaxing)
 .debug_str     0x00034ce0      0x763 ./drivers/fsl_dma.o
                              0x315a4 (size before relaxing)
 .debug_str     0x00035443      0x946 ./drivers/fsl_lpsci.o
                              0x318de (size before relaxing)
 .debug_str     0x00035d89      0x832 ./drivers/fsl_uart.o
                              0x31901 (size before relaxing)
 .debug_str     0x000365bb       0x4c ./board/board.o
                              0x3141b (size before relaxing)
 .debug_str     0x00036607      0x300 ./board/clock_config.o
                              0x31204 (size before relaxing)
 .debug_str     0x00036907       0x31 ./board/peripherals.o
                               0x2dd9 (size before relaxing)
 .debug_str     0x00036938      0x1e1 ./board/pin_mux.o
                              0x30967 (size before relaxing)
 .debug_str     0x00036b19       0x4f ./CMSIS/system_MKL25Z4.o
                              0x2fc40 (size before relaxing)

.comment        0x00000000       0x79
 .comment       0x00000000       0x79 ./utilities/fsl_debug_console.o
                                 0x7a (size before relaxing)
 .comment       0x00000079       0x7a ./startup/startup_mkl25z4.o
 .comment       0x00000079       0x7a ./source/adc.o
 .comment       0x00000079       0x7a ./source/analog_out.o
 .comment       0x00000079       0x7a ./source/autocorrelate.o
 .comment       0x00000079       0x7a ./source/dac.o
 .comment       0x00000079       0x7a ./source/fp_sin.o
 .comment       0x00000079       0x7a ./source/main.o
 .comment       0x00000079       0x7a ./source/mtb.o
 .comment       0x00000079       0x7a ./source/semihost_hardfault.o
 .comment       0x00000079       0x7a ./source/systick.o
 .comment       0x00000079       0x7a ./source/test_sin.o
 .comment       0x00000079       0x7a ./drivers/fsl_clock.o
 .comment       0x00000079       0x7a ./drivers/fsl_common.o
 .comment       0x00000079       0x7a ./drivers/fsl_dma.o
 .comment       0x00000079       0x7a ./drivers/fsl_lpsci.o
 .comment       0x00000079       0x7a ./drivers/fsl_uart.o
 .comment       0x00000079       0x7a ./board/board.o
 .comment       0x00000079       0x7a ./board/clock_config.o
 .comment       0x00000079       0x7a ./board/peripherals.o
 .comment       0x00000079       0x7a ./board/pin_mux.o
 .comment       0x00000079       0x7a ./CMSIS/system_MKL25Z4.o
 .comment       0x00000079       0x7a c:/nxp/mcuxpressoide_11.2.0_4120/ide/plugins/com.nxp.mcuxpresso.tools.win32_11.2.0.202001021529/tools/bin/../lib/gcc/arm-none-eabi/9.2.1/../../../../arm-none-eabi/lib/thumb/v6-m/nofp\libcr_nohost_nf.a(_cr__main.o)
 .comment       0x00000079       0x7a c:/nxp/mcuxpressoide_11.2.0_4120/ide/plugins/com.nxp.mcuxpresso.tools.win32_11.2.0.202001021529/tools/bin/../lib/gcc/arm-none-eabi/9.2.1/../../../../arm-none-eabi/lib/thumb/v6-m/nofp\libcr_c.a(memcpy.o)
 .comment       0x00000079       0x7a c:/nxp/mcuxpressoide_11.2.0_4120/ide/plugins/com.nxp.mcuxpresso.tools.win32_11.2.0.202001021529/tools/bin/../lib/gcc/arm-none-eabi/9.2.1/../../../../arm-none-eabi/lib/thumb/v6-m/nofp\libcr_c.a(memset.o)
 .comment       0x00000079       0x7a c:/nxp/mcuxpressoide_11.2.0_4120/ide/plugins/com.nxp.mcuxpresso.tools.win32_11.2.0.202001021529/tools/bin/../lib/gcc/arm-none-eabi/9.2.1/../../../../arm-none-eabi/lib/thumb/v6-m/nofp\libcr_c.a(initio.o)
 .comment       0x00000079       0x7a c:/nxp/mcuxpressoide_11.2.0_4120/ide/plugins/com.nxp.mcuxpresso.tools.win32_11.2.0.202001021529/tools/bin/../lib/gcc/arm-none-eabi/9.2.1/../../../../arm-none-eabi/lib/thumb/v6-m/nofp\libcr_c.a(printf.o)
 .comment       0x00000079       0x7a c:/nxp/mcuxpressoide_11.2.0_4120/ide/plugins/com.nxp.mcuxpresso.tools.win32_11.2.0.202001021529/tools/bin/../lib/gcc/arm-none-eabi/9.2.1/../../../../arm-none-eabi/lib/thumb/v6-m/nofp\libcr_c.a(setvbuf.o)
 .comment       0x00000079       0x7a c:/nxp/mcuxpressoide_11.2.0_4120/ide/plugins/com.nxp.mcuxpresso.tools.win32_11.2.0.202001021529/tools/bin/../lib/gcc/arm-none-eabi/9.2.1/../../../../arm-none-eabi/lib/thumb/v6-m/nofp\libcr_c.a(sin.o)
 .comment       0x00000079       0x7a c:/nxp/mcuxpressoide_11.2.0_4120/ide/plugins/com.nxp.mcuxpresso.tools.win32_11.2.0.202001021529/tools/bin/../lib/gcc/arm-none-eabi/9.2.1/../../../../arm-none-eabi/lib/thumb/v6-m/nofp\libcr_c.a(strlen.o)
 .comment       0x00000079       0x7a c:/nxp/mcuxpressoide_11.2.0_4120/ide/plugins/com.nxp.mcuxpresso.tools.win32_11.2.0.202001021529/tools/bin/../lib/gcc/arm-none-eabi/9.2.1/../../../../arm-none-eabi/lib/thumb/v6-m/nofp\libcr_c.a(_deferredlazyseek.o)
 .comment       0x00000079       0x7a c:/nxp/mcuxpressoide_11.2.0_4120/ide/plugins/com.nxp.mcuxpresso.tools.win32_11.2.0.202001021529/tools/bin/../lib/gcc/arm-none-eabi/9.2.1/../../../../arm-none-eabi/lib/thumb/v6-m/nofp\libcr_c.a(_fdopen.o)
 .comment       0x00000079       0x7a c:/nxp/mcuxpressoide_11.2.0_4120/ide/plugins/com.nxp.mcuxpresso.tools.win32_11.2.0.202001021529/tools/bin/../lib/gcc/arm-none-eabi/9.2.1/../../../../arm-none-eabi/lib/thumb/v6-m/nofp\libcr_c.a(_fflush.o)
 .comment       0x00000079       0x7a c:/nxp/mcuxpressoide_11.2.0_4120/ide/plugins/com.nxp.mcuxpresso.tools.win32_11.2.0.202001021529/tools/bin/../lib/gcc/arm-none-eabi/9.2.1/../../../../arm-none-eabi/lib/thumb/v6-m/nofp\libcr_c.a(_sincos.o)
 .comment       0x00000079       0x7a c:/nxp/mcuxpressoide_11.2.0_4120/ide/plugins/com.nxp.mcuxpresso.tools.win32_11.2.0.202001021529/tools/bin/../lib/gcc/arm-none-eabi/9.2.1/../../../../arm-none-eabi/lib/thumb/v6-m/nofp\libcr_c.a(_writebuf.o)
 .comment       0x00000079       0x7a c:/nxp/mcuxpressoide_11.2.0_4120/ide/plugins/com.nxp.mcuxpresso.tools.win32_11.2.0.202001021529/tools/bin/../lib/gcc/arm-none-eabi/9.2.1/../../../../arm-none-eabi/lib/thumb/v6-m/nofp\libcr_c.a(alloc.o)
 .comment       0x00000079       0x7a c:/nxp/mcuxpressoide_11.2.0_4120/ide/plugins/com.nxp.mcuxpresso.tools.win32_11.2.0.202001021529/tools/bin/../lib/gcc/arm-none-eabi/9.2.1/../../../../arm-none-eabi/lib/thumb/v6-m/nofp\libcr_c.a(errno.o)
 .comment       0x00000079       0x7a c:/nxp/mcuxpressoide_11.2.0_4120/ide/plugins/com.nxp.mcuxpresso.tools.win32_11.2.0.202001021529/tools/bin/../lib/gcc/arm-none-eabi/9.2.1/../../../../arm-none-eabi/lib/thumb/v6-m/nofp\libcr_c.a(fabs.o)
 .comment       0x00000079       0x7a c:/nxp/mcuxpressoide_11.2.0_4120/ide/plugins/com.nxp.mcuxpresso.tools.win32_11.2.0.202001021529/tools/bin/../lib/gcc/arm-none-eabi/9.2.1/../../../../arm-none-eabi/lib/thumb/v6-m/nofp\libcr_c.a(fclose.o)
 .comment       0x00000079       0x7a c:/nxp/mcuxpressoide_11.2.0_4120/ide/plugins/com.nxp.mcuxpresso.tools.win32_11.2.0.202001021529/tools/bin/../lib/gcc/arm-none-eabi/9.2.1/../../../../arm-none-eabi/lib/thumb/v6-m/nofp\libcr_c.a(fflush.o)
 .comment       0x00000079       0x7a c:/nxp/mcuxpressoide_11.2.0_4120/ide/plugins/com.nxp.mcuxpresso.tools.win32_11.2.0.202001021529/tools/bin/../lib/gcc/arm-none-eabi/9.2.1/../../../../arm-none-eabi/lib/thumb/v6-m/nofp\libcr_c.a(fseek.o)
 .comment       0x00000079       0x7a c:/nxp/mcuxpressoide_11.2.0_4120/ide/plugins/com.nxp.mcuxpresso.tools.win32_11.2.0.202001021529/tools/bin/../lib/gcc/arm-none-eabi/9.2.1/../../../../arm-none-eabi/lib/thumb/v6-m/nofp\libcr_c.a(ftell.o)
 .comment       0x00000079       0x7a c:/nxp/mcuxpressoide_11.2.0_4120/ide/plugins/com.nxp.mcuxpresso.tools.win32_11.2.0.202001021529/tools/bin/../lib/gcc/arm-none-eabi/9.2.1/../../../../arm-none-eabi/lib/thumb/v6-m/nofp\libcr_c.a(remove.o)
 .comment       0x00000079       0x7a c:/nxp/mcuxpressoide_11.2.0_4120/ide/plugins/com.nxp.mcuxpresso.tools.win32_11.2.0.202001021529/tools/bin/../lib/gcc/arm-none-eabi/9.2.1/../../../../arm-none-eabi/lib/thumb/v6-m/nofp\libcr_c.a(__init_alloc.o)
 .comment       0x00000079       0x7a c:/nxp/mcuxpressoide_11.2.0_4120/ide/plugins/com.nxp.mcuxpresso.tools.win32_11.2.0.202001021529/tools/bin/../lib/gcc/arm-none-eabi/9.2.1/../../../../arm-none-eabi/lib/thumb/v6-m/nofp\libcr_c.a(_cr_sbrk.o)
 .comment       0x00000079       0x7a c:/nxp/mcuxpressoide_11.2.0_4120/ide/plugins/com.nxp.mcuxpresso.tools.win32_11.2.0.202001021529/tools/bin/../lib/gcc/arm-none-eabi/9.2.1/../../../../arm-none-eabi/lib/thumb/v6-m/nofp\libcr_c.a(_do_fflush.o)
 .comment       0x00000079       0x7a c:/nxp/mcuxpressoide_11.2.0_4120/ide/plugins/com.nxp.mcuxpresso.tools.win32_11.2.0.202001021529/tools/bin/../lib/gcc/arm-none-eabi/9.2.1/../../../../arm-none-eabi/lib/thumb/v6-m/nofp\libcr_c.a(_cr_check_heap.o)
 .comment       0x00000079       0x7a c:/nxp/mcuxpressoide_11.2.0_4120/ide/plugins/com.nxp.mcuxpresso.tools.win32_11.2.0.202001021529/tools/bin/../lib/gcc/arm-none-eabi/9.2.1/thumb/v6-m/nofp\libcr_eabihelpers.a(double.o)
 .comment       0x00000079       0x7a c:/nxp/mcuxpressoide_11.2.0_4120/ide/plugins/com.nxp.mcuxpresso.tools.win32_11.2.0.202001021529/tools/bin/../lib/gcc/arm-none-eabi/9.2.1/../../../../arm-none-eabi/lib/thumb/v6-m/nofp\libcr_nohost_nf.a(__ciob.o)
 .comment       0x00000079       0x7a c:/nxp/mcuxpressoide_11.2.0_4120/ide/plugins/com.nxp.mcuxpresso.tools.win32_11.2.0.202001021529/tools/bin/../lib/gcc/arm-none-eabi/9.2.1/../../../../arm-none-eabi/lib/thumb/v6-m/nofp\libcr_nohost_nf.a(__sys_appexit.o)
 .comment       0x00000079       0x7a c:/nxp/mcuxpressoide_11.2.0_4120/ide/plugins/com.nxp.mcuxpresso.tools.win32_11.2.0.202001021529/tools/bin/../lib/gcc/arm-none-eabi/9.2.1/../../../../arm-none-eabi/lib/thumb/v6-m/nofp\libcr_nohost_nf.a(__sys_close.o)
 .comment       0x00000079       0x7a c:/nxp/mcuxpressoide_11.2.0_4120/ide/plugins/com.nxp.mcuxpresso.tools.win32_11.2.0.202001021529/tools/bin/../lib/gcc/arm-none-eabi/9.2.1/../../../../arm-none-eabi/lib/thumb/v6-m/nofp\libcr_nohost_nf.a(__sys_flen.o)
 .comment       0x00000079       0x7a c:/nxp/mcuxpressoide_11.2.0_4120/ide/plugins/com.nxp.mcuxpresso.tools.win32_11.2.0.202001021529/tools/bin/../lib/gcc/arm-none-eabi/9.2.1/../../../../arm-none-eabi/lib/thumb/v6-m/nofp\libcr_nohost_nf.a(__sys_istty.o)
 .comment       0x00000079       0x7a c:/nxp/mcuxpressoide_11.2.0_4120/ide/plugins/com.nxp.mcuxpresso.tools.win32_11.2.0.202001021529/tools/bin/../lib/gcc/arm-none-eabi/9.2.1/../../../../arm-none-eabi/lib/thumb/v6-m/nofp\libcr_nohost_nf.a(__sys_remove.o)
 .comment       0x00000079       0x7a c:/nxp/mcuxpressoide_11.2.0_4120/ide/plugins/com.nxp.mcuxpresso.tools.win32_11.2.0.202001021529/tools/bin/../lib/gcc/arm-none-eabi/9.2.1/../../../../arm-none-eabi/lib/thumb/v6-m/nofp\libcr_nohost_nf.a(__sys_seek.o)
 .comment       0x00000079       0x7a c:/nxp/mcuxpressoide_11.2.0_4120/ide/plugins/com.nxp.mcuxpresso.tools.win32_11.2.0.202001021529/tools/bin/../lib/gcc/arm-none-eabi/9.2.1/../../../../arm-none-eabi/lib/thumb/v6-m/nofp\libcr_nohost_nf.a(__sys_tmpnam.o)
 .comment       0x00000079       0x7a c:/nxp/mcuxpressoide_11.2.0_4120/ide/plugins/com.nxp.mcuxpresso.tools.win32_11.2.0.202001021529/tools/bin/../lib/gcc/arm-none-eabi/9.2.1/../../../../arm-none-eabi/lib/thumb/v6-m/nofp\libcr_nohost_nf.a(__sys_write.o)

.ARM.attributes
                0x00000000       0x2a
 .ARM.attributes
                0x00000000       0x2c ./utilities/fsl_debug_console.o
 .ARM.attributes
                0x0000002c       0x2c ./startup/startup_mkl25z4.o
 .ARM.attributes
                0x00000058       0x2c ./source/adc.o
 .ARM.attributes
                0x00000084       0x2c ./source/analog_out.o
 .ARM.attributes
                0x000000b0       0x2c ./source/autocorrelate.o
 .ARM.attributes
                0x000000dc       0x2c ./source/dac.o
 .ARM.attributes
                0x00000108       0x2c ./source/fp_sin.o
 .ARM.attributes
                0x00000134       0x2c ./source/main.o
 .ARM.attributes
                0x00000160       0x32 ./source/mtb.o
 .ARM.attributes
                0x00000192       0x2c ./source/semihost_hardfault.o
 .ARM.attributes
                0x000001be       0x2c ./source/systick.o
 .ARM.attributes
                0x000001ea       0x2c ./source/test_sin.o
 .ARM.attributes
                0x00000216       0x2c ./drivers/fsl_clock.o
 .ARM.attributes
                0x00000242       0x2c ./drivers/fsl_common.o
 .ARM.attributes
                0x0000026e       0x2c ./drivers/fsl_dma.o
 .ARM.attributes
                0x0000029a       0x2c ./drivers/fsl_lpsci.o
 .ARM.attributes
                0x000002c6       0x2c ./drivers/fsl_uart.o
 .ARM.attributes
                0x000002f2       0x2c ./board/board.o
 .ARM.attributes
                0x0000031e       0x2c ./board/clock_config.o
 .ARM.attributes
                0x0000034a       0x2c ./board/peripherals.o
 .ARM.attributes
                0x00000376       0x2c ./board/pin_mux.o
 .ARM.attributes
                0x000003a2       0x2c ./CMSIS/system_MKL25Z4.o
 .ARM.attributes
                0x000003ce       0x2c c:/nxp/mcuxpressoide_11.2.0_4120/ide/plugins/com.nxp.mcuxpresso.tools.win32_11.2.0.202001021529/tools/bin/../lib/gcc/arm-none-eabi/9.2.1/../../../../arm-none-eabi/lib/thumb/v6-m/nofp\libcr_nohost_nf.a(_cr__main.o)
 .ARM.attributes
                0x000003fa       0x2c c:/nxp/mcuxpressoide_11.2.0_4120/ide/plugins/com.nxp.mcuxpresso.tools.win32_11.2.0.202001021529/tools/bin/../lib/gcc/arm-none-eabi/9.2.1/../../../../arm-none-eabi/lib/thumb/v6-m/nofp\libcr_c.a(memcpy.o)
 .ARM.attributes
                0x00000426       0x2c c:/nxp/mcuxpressoide_11.2.0_4120/ide/plugins/com.nxp.mcuxpresso.tools.win32_11.2.0.202001021529/tools/bin/../lib/gcc/arm-none-eabi/9.2.1/../../../../arm-none-eabi/lib/thumb/v6-m/nofp\libcr_c.a(memset.o)
 .ARM.attributes
                0x00000452       0x2c c:/nxp/mcuxpressoide_11.2.0_4120/ide/plugins/com.nxp.mcuxpresso.tools.win32_11.2.0.202001021529/tools/bin/../lib/gcc/arm-none-eabi/9.2.1/../../../../arm-none-eabi/lib/thumb/v6-m/nofp\libcr_c.a(initio.o)
 .ARM.attributes
                0x0000047e       0x2c c:/nxp/mcuxpressoide_11.2.0_4120/ide/plugins/com.nxp.mcuxpresso.tools.win32_11.2.0.202001021529/tools/bin/../lib/gcc/arm-none-eabi/9.2.1/../../../../arm-none-eabi/lib/thumb/v6-m/nofp\libcr_c.a(printf.o)
 .ARM.attributes
                0x000004aa       0x2c c:/nxp/mcuxpressoide_11.2.0_4120/ide/plugins/com.nxp.mcuxpresso.tools.win32_11.2.0.202001021529/tools/bin/../lib/gcc/arm-none-eabi/9.2.1/../../../../arm-none-eabi/lib/thumb/v6-m/nofp\libcr_c.a(setvbuf.o)
 .ARM.attributes
                0x000004d6       0x2c c:/nxp/mcuxpressoide_11.2.0_4120/ide/plugins/com.nxp.mcuxpresso.tools.win32_11.2.0.202001021529/tools/bin/../lib/gcc/arm-none-eabi/9.2.1/../../../../arm-none-eabi/lib/thumb/v6-m/nofp\libcr_c.a(sin.o)
 .ARM.attributes
                0x00000502       0x2c c:/nxp/mcuxpressoide_11.2.0_4120/ide/plugins/com.nxp.mcuxpresso.tools.win32_11.2.0.202001021529/tools/bin/../lib/gcc/arm-none-eabi/9.2.1/../../../../arm-none-eabi/lib/thumb/v6-m/nofp\libcr_c.a(strlen.o)
 .ARM.attributes
                0x0000052e       0x2c c:/nxp/mcuxpressoide_11.2.0_4120/ide/plugins/com.nxp.mcuxpresso.tools.win32_11.2.0.202001021529/tools/bin/../lib/gcc/arm-none-eabi/9.2.1/../../../../arm-none-eabi/lib/thumb/v6-m/nofp\libcr_c.a(_deferredlazyseek.o)
 .ARM.attributes
                0x0000055a       0x2c c:/nxp/mcuxpressoide_11.2.0_4120/ide/plugins/com.nxp.mcuxpresso.tools.win32_11.2.0.202001021529/tools/bin/../lib/gcc/arm-none-eabi/9.2.1/../../../../arm-none-eabi/lib/thumb/v6-m/nofp\libcr_c.a(_fdopen.o)
 .ARM.attributes
                0x00000586       0x2c c:/nxp/mcuxpressoide_11.2.0_4120/ide/plugins/com.nxp.mcuxpresso.tools.win32_11.2.0.202001021529/tools/bin/../lib/gcc/arm-none-eabi/9.2.1/../../../../arm-none-eabi/lib/thumb/v6-m/nofp\libcr_c.a(_fflush.o)
 .ARM.attributes
                0x000005b2       0x2c c:/nxp/mcuxpressoide_11.2.0_4120/ide/plugins/com.nxp.mcuxpresso.tools.win32_11.2.0.202001021529/tools/bin/../lib/gcc/arm-none-eabi/9.2.1/../../../../arm-none-eabi/lib/thumb/v6-m/nofp\libcr_c.a(_sincos.o)
 .ARM.attributes
                0x000005de       0x2c c:/nxp/mcuxpressoide_11.2.0_4120/ide/plugins/com.nxp.mcuxpresso.tools.win32_11.2.0.202001021529/tools/bin/../lib/gcc/arm-none-eabi/9.2.1/../../../../arm-none-eabi/lib/thumb/v6-m/nofp\libcr_c.a(_writebuf.o)
 .ARM.attributes
                0x0000060a       0x2c c:/nxp/mcuxpressoide_11.2.0_4120/ide/plugins/com.nxp.mcuxpresso.tools.win32_11.2.0.202001021529/tools/bin/../lib/gcc/arm-none-eabi/9.2.1/../../../../arm-none-eabi/lib/thumb/v6-m/nofp\libcr_c.a(alloc.o)
 .ARM.attributes
                0x00000636       0x31 c:/nxp/mcuxpressoide_11.2.0_4120/ide/plugins/com.nxp.mcuxpresso.tools.win32_11.2.0.202001021529/tools/bin/../lib/gcc/arm-none-eabi/9.2.1/../../../../arm-none-eabi/lib/thumb/v6-m/nofp\libcr_c.a(errno.o)
 .ARM.attributes
                0x00000667       0x2c c:/nxp/mcuxpressoide_11.2.0_4120/ide/plugins/com.nxp.mcuxpresso.tools.win32_11.2.0.202001021529/tools/bin/../lib/gcc/arm-none-eabi/9.2.1/../../../../arm-none-eabi/lib/thumb/v6-m/nofp\libcr_c.a(fabs.o)
 .ARM.attributes
                0x00000693       0x2c c:/nxp/mcuxpressoide_11.2.0_4120/ide/plugins/com.nxp.mcuxpresso.tools.win32_11.2.0.202001021529/tools/bin/../lib/gcc/arm-none-eabi/9.2.1/../../../../arm-none-eabi/lib/thumb/v6-m/nofp\libcr_c.a(fclose.o)
 .ARM.attributes
                0x000006bf       0x2c c:/nxp/mcuxpressoide_11.2.0_4120/ide/plugins/com.nxp.mcuxpresso.tools.win32_11.2.0.202001021529/tools/bin/../lib/gcc/arm-none-eabi/9.2.1/../../../../arm-none-eabi/lib/thumb/v6-m/nofp\libcr_c.a(fflush.o)
 .ARM.attributes
                0x000006eb       0x2c c:/nxp/mcuxpressoide_11.2.0_4120/ide/plugins/com.nxp.mcuxpresso.tools.win32_11.2.0.202001021529/tools/bin/../lib/gcc/arm-none-eabi/9.2.1/../../../../arm-none-eabi/lib/thumb/v6-m/nofp\libcr_c.a(fseek.o)
 .ARM.attributes
                0x00000717       0x2c c:/nxp/mcuxpressoide_11.2.0_4120/ide/plugins/com.nxp.mcuxpresso.tools.win32_11.2.0.202001021529/tools/bin/../lib/gcc/arm-none-eabi/9.2.1/../../../../arm-none-eabi/lib/thumb/v6-m/nofp\libcr_c.a(ftell.o)
 .ARM.attributes
                0x00000743       0x2c c:/nxp/mcuxpressoide_11.2.0_4120/ide/plugins/com.nxp.mcuxpresso.tools.win32_11.2.0.202001021529/tools/bin/../lib/gcc/arm-none-eabi/9.2.1/../../../../arm-none-eabi/lib/thumb/v6-m/nofp\libcr_c.a(remove.o)
 .ARM.attributes
                0x0000076f       0x2c c:/nxp/mcuxpressoide_11.2.0_4120/ide/plugins/com.nxp.mcuxpresso.tools.win32_11.2.0.202001021529/tools/bin/../lib/gcc/arm-none-eabi/9.2.1/../../../../arm-none-eabi/lib/thumb/v6-m/nofp\libcr_c.a(__init_alloc.o)
 .ARM.attributes
                0x0000079b       0x2c c:/nxp/mcuxpressoide_11.2.0_4120/ide/plugins/com.nxp.mcuxpresso.tools.win32_11.2.0.202001021529/tools/bin/../lib/gcc/arm-none-eabi/9.2.1/../../../../arm-none-eabi/lib/thumb/v6-m/nofp\libcr_c.a(_cr_sbrk.o)
 .ARM.attributes
                0x000007c7       0x2c c:/nxp/mcuxpressoide_11.2.0_4120/ide/plugins/com.nxp.mcuxpresso.tools.win32_11.2.0.202001021529/tools/bin/../lib/gcc/arm-none-eabi/9.2.1/../../../../arm-none-eabi/lib/thumb/v6-m/nofp\libcr_c.a(_do_fflush.o)
 .ARM.attributes
                0x000007f3       0x2c c:/nxp/mcuxpressoide_11.2.0_4120/ide/plugins/com.nxp.mcuxpresso.tools.win32_11.2.0.202001021529/tools/bin/../lib/gcc/arm-none-eabi/9.2.1/../../../../arm-none-eabi/lib/thumb/v6-m/nofp\libcr_c.a(_cr_check_heap.o)
 .ARM.attributes
                0x0000081f       0x1c c:/nxp/mcuxpressoide_11.2.0_4120/ide/plugins/com.nxp.mcuxpresso.tools.win32_11.2.0.202001021529/tools/bin/../lib/gcc/arm-none-eabi/9.2.1/thumb/v6-m/nofp\libcr_eabihelpers.a(division_32.o)
 .ARM.attributes
                0x0000083b       0x1c c:/nxp/mcuxpressoide_11.2.0_4120/ide/plugins/com.nxp.mcuxpresso.tools.win32_11.2.0.202001021529/tools/bin/../lib/gcc/arm-none-eabi/9.2.1/thumb/v6-m/nofp\libcr_eabihelpers.a(division_idiv0.o)
 .ARM.attributes
                0x00000857       0x2c c:/nxp/mcuxpressoide_11.2.0_4120/ide/plugins/com.nxp.mcuxpresso.tools.win32_11.2.0.202001021529/tools/bin/../lib/gcc/arm-none-eabi/9.2.1/thumb/v6-m/nofp\libcr_eabihelpers.a(double.o)
 .ARM.attributes
                0x00000883       0x1c c:/nxp/mcuxpressoide_11.2.0_4120/ide/plugins/com.nxp.mcuxpresso.tools.win32_11.2.0.202001021529/tools/bin/../lib/gcc/arm-none-eabi/9.2.1/thumb/v6-m/nofp\libcr_eabihelpers.a(llong.o)
 .ARM.attributes
                0x0000089f       0x1c c:/nxp/mcuxpressoide_11.2.0_4120/ide/plugins/com.nxp.mcuxpresso.tools.win32_11.2.0.202001021529/tools/bin/../lib/gcc/arm-none-eabi/9.2.1/thumb/v6-m/nofp\libcr_eabihelpers.a(memcpy.o)
 .ARM.attributes
                0x000008bb       0x1c c:/nxp/mcuxpressoide_11.2.0_4120/ide/plugins/com.nxp.mcuxpresso.tools.win32_11.2.0.202001021529/tools/bin/../lib/gcc/arm-none-eabi/9.2.1/thumb/v6-m/nofp\libcr_eabihelpers.a(thumb1_switch_helpers.o)
 .ARM.attributes
                0x000008d7       0x31 c:/nxp/mcuxpressoide_11.2.0_4120/ide/plugins/com.nxp.mcuxpresso.tools.win32_11.2.0.202001021529/tools/bin/../lib/gcc/arm-none-eabi/9.2.1/../../../../arm-none-eabi/lib/thumb/v6-m/nofp\libcr_nohost_nf.a(__ciob.o)
 .ARM.attributes
                0x00000908       0x2c c:/nxp/mcuxpressoide_11.2.0_4120/ide/plugins/com.nxp.mcuxpresso.tools.win32_11.2.0.202001021529/tools/bin/../lib/gcc/arm-none-eabi/9.2.1/../../../../arm-none-eabi/lib/thumb/v6-m/nofp\libcr_nohost_nf.a(__sys_appexit.o)
 .ARM.attributes
                0x00000934       0x2c c:/nxp/mcuxpressoide_11.2.0_4120/ide/plugins/com.nxp.mcuxpresso.tools.win32_11.2.0.202001021529/tools/bin/../lib/gcc/arm-none-eabi/9.2.1/../../../../arm-none-eabi/lib/thumb/v6-m/nofp\libcr_nohost_nf.a(__sys_close.o)
 .ARM.attributes
                0x00000960       0x2c c:/nxp/mcuxpressoide_11.2.0_4120/ide/plugins/com.nxp.mcuxpresso.tools.win32_11.2.0.202001021529/tools/bin/../lib/gcc/arm-none-eabi/9.2.1/../../../../arm-none-eabi/lib/thumb/v6-m/nofp\libcr_nohost_nf.a(__sys_flen.o)
 .ARM.attributes
                0x0000098c       0x2c c:/nxp/mcuxpressoide_11.2.0_4120/ide/plugins/com.nxp.mcuxpresso.tools.win32_11.2.0.202001021529/tools/bin/../lib/gcc/arm-none-eabi/9.2.1/../../../../arm-none-eabi/lib/thumb/v6-m/nofp\libcr_nohost_nf.a(__sys_istty.o)
 .ARM.attributes
                0x000009b8       0x2c c:/nxp/mcuxpressoide_11.2.0_4120/ide/plugins/com.nxp.mcuxpresso.tools.win32_11.2.0.202001021529/tools/bin/../lib/gcc/arm-none-eabi/9.2.1/../../../../arm-none-eabi/lib/thumb/v6-m/nofp\libcr_nohost_nf.a(__sys_remove.o)
 .ARM.attributes
                0x000009e4       0x2c c:/nxp/mcuxpressoide_11.2.0_4120/ide/plugins/com.nxp.mcuxpresso.tools.win32_11.2.0.202001021529/tools/bin/../lib/gcc/arm-none-eabi/9.2.1/../../../../arm-none-eabi/lib/thumb/v6-m/nofp\libcr_nohost_nf.a(__sys_seek.o)
 .ARM.attributes
                0x00000a10       0x2c c:/nxp/mcuxpressoide_11.2.0_4120/ide/plugins/com.nxp.mcuxpresso.tools.win32_11.2.0.202001021529/tools/bin/../lib/gcc/arm-none-eabi/9.2.1/../../../../arm-none-eabi/lib/thumb/v6-m/nofp\libcr_nohost_nf.a(__sys_tmpnam.o)
 .ARM.attributes
                0x00000a3c       0x2c c:/nxp/mcuxpressoide_11.2.0_4120/ide/plugins/com.nxp.mcuxpresso.tools.win32_11.2.0.202001021529/tools/bin/../lib/gcc/arm-none-eabi/9.2.1/../../../../arm-none-eabi/lib/thumb/v6-m/nofp\libcr_nohost_nf.a(__sys_write.o)

.debug_frame    0x00000000     0x1ea0
 .debug_frame   0x00000000      0x1f0 ./utilities/fsl_debug_console.o
 .debug_frame   0x000001f0      0x3b0 ./startup/startup_mkl25z4.o
 .debug_frame   0x000005a0       0xc4 ./source/adc.o
 .debug_frame   0x00000664       0x30 ./source/analog_out.o
 .debug_frame   0x00000694       0x30 ./source/autocorrelate.o
 .debug_frame   0x000006c4      0x138 ./source/dac.o
 .debug_frame   0x000007fc       0x50 ./source/fp_sin.o
 .debug_frame   0x0000084c       0x30 ./source/main.o
 .debug_frame   0x0000087c       0x20 ./source/semihost_hardfault.o
 .debug_frame   0x0000089c       0xbc ./source/systick.o
 .debug_frame   0x00000958       0x30 ./source/test_sin.o
 .debug_frame   0x00000988      0x6e0 ./drivers/fsl_clock.o
 .debug_frame   0x00001068       0x90 ./drivers/fsl_common.o
 .debug_frame   0x000010f8      0x2e0 ./drivers/fsl_dma.o
 .debug_frame   0x000013d8      0x414 ./drivers/fsl_lpsci.o
 .debug_frame   0x000017ec      0x464 ./drivers/fsl_uart.o
 .debug_frame   0x00001c50       0x50 ./board/board.o
 .debug_frame   0x00001ca0      0x100 ./board/clock_config.o
 .debug_frame   0x00001da0       0x2c ./board/peripherals.o
 .debug_frame   0x00001dcc       0x88 ./board/pin_mux.o
 .debug_frame   0x00001e54       0x4c ./CMSIS/system_MKL25Z4.o

Cross Reference Table

Symbol                                            File
ADC0_DriverIRQHandler                             ./startup/startup_mkl25z4.o
ADC0_IRQHandler                                   ./startup/startup_mkl25z4.o
ADC16_ClearStatusFlags                            ./drivers/fsl_adc16.o
ADC16_Deinit                                      ./drivers/fsl_adc16.o
ADC16_DoAutoCalibration                           ./drivers/fsl_adc16.o
ADC16_GetChannelStatusFlags                       ./drivers/fsl_adc16.o
ADC16_GetDefaultConfig                            ./drivers/fsl_adc16.o
ADC16_GetStatusFlags                              ./drivers/fsl_adc16.o
ADC16_Init                                        ./drivers/fsl_adc16.o
ADC16_SetChannelConfig                            ./drivers/fsl_adc16.o
ADC16_SetChannelMuxMode                           ./drivers/fsl_adc16.o
ADC16_SetHardwareAverage                          ./drivers/fsl_adc16.o
ADC16_SetHardwareCompareConfig                    ./drivers/fsl_adc16.o
ADC_Data                                          ./source/adc.o
                                                  ./source/main.o
BOARD_BootClockRUN                                ./board/clock_config.o
BOARD_BootClockVLPR                               ./board/clock_config.o
BOARD_InitBootClocks                              ./board/clock_config.o
                                                  ./source/main.o
BOARD_InitBootPeripherals                         ./board/peripherals.o
                                                  ./source/main.o
BOARD_InitBootPins                                ./board/pin_mux.o
                                                  ./source/main.o
BOARD_InitDebugConsole                            ./board/board.o
                                                  ./source/main.o
BOARD_InitPins                                    ./board/pin_mux.o
CLOCK_BootToBlpeMode                              ./drivers/fsl_clock.o
CLOCK_BootToBlpiMode                              ./drivers/fsl_clock.o
                                                  ./board/clock_config.o
CLOCK_BootToFeeMode                               ./drivers/fsl_clock.o
CLOCK_BootToFeiMode                               ./drivers/fsl_clock.o
CLOCK_BootToPeeMode                               ./drivers/fsl_clock.o
                                                  ./board/clock_config.o
CLOCK_CalcPllDiv                                  ./drivers/fsl_clock.o
CLOCK_ClearStatusFlags                            ./drivers/fsl_clock.o
CLOCK_DeinitOsc0                                  ./drivers/fsl_clock.o
CLOCK_EnablePll0                                  ./drivers/fsl_clock.o
CLOCK_EnableUsbfs0Clock                           ./drivers/fsl_clock.o
CLOCK_ExternalModeToFbeModeQuick                  ./drivers/fsl_clock.o
CLOCK_FllStableDelay                              ./drivers/fsl_clock.o
CLOCK_GetBusClkFreq                               ./drivers/fsl_clock.o
CLOCK_GetCoreSysClkFreq                           ./drivers/fsl_clock.o
CLOCK_GetEr32kClkFreq                             ./drivers/fsl_clock.o
CLOCK_GetFixedFreqClkFreq                         ./drivers/fsl_clock.o
CLOCK_GetFlashClkFreq                             ./drivers/fsl_clock.o
CLOCK_GetFllFreq                                  ./drivers/fsl_clock.o
CLOCK_GetFreq                                     ./drivers/fsl_clock.o
CLOCK_GetInternalRefClkFreq                       ./drivers/fsl_clock.o
CLOCK_GetMode                                     ./drivers/fsl_clock.o
CLOCK_GetOsc0ErClkFreq                            ./drivers/fsl_clock.o
CLOCK_GetOutClkFreq                               ./drivers/fsl_clock.o
CLOCK_GetPlatClkFreq                              ./drivers/fsl_clock.o
CLOCK_GetPll0Freq                                 ./drivers/fsl_clock.o
CLOCK_GetPllFllSelClkFreq                         ./drivers/fsl_clock.o
                                                  ./board/board.o
CLOCK_GetStatusFlags                              ./drivers/fsl_clock.o
CLOCK_InitOsc0                                    ./drivers/fsl_clock.o
                                                  ./board/clock_config.o
CLOCK_InternalModeToFbiModeQuick                  ./drivers/fsl_clock.o
CLOCK_SetBlpeMode                                 ./drivers/fsl_clock.o
CLOCK_SetBlpiMode                                 ./drivers/fsl_clock.o
CLOCK_SetExternalRefClkConfig                     ./drivers/fsl_clock.o
CLOCK_SetFbeMode                                  ./drivers/fsl_clock.o
CLOCK_SetFbiMode                                  ./drivers/fsl_clock.o
CLOCK_SetFeeMode                                  ./drivers/fsl_clock.o
CLOCK_SetFeiMode                                  ./drivers/fsl_clock.o
CLOCK_SetInternalRefClkConfig                     ./drivers/fsl_clock.o
                                                  ./board/clock_config.o
CLOCK_SetMcgConfig                                ./drivers/fsl_clock.o
CLOCK_SetOsc0MonitorMode                          ./drivers/fsl_clock.o
CLOCK_SetPbeMode                                  ./drivers/fsl_clock.o
CLOCK_SetPeeMode                                  ./drivers/fsl_clock.o
CLOCK_SetPll0MonitorMode                          ./drivers/fsl_clock.o
CLOCK_SetSimConfig                                ./drivers/fsl_clock.o
                                                  ./board/clock_config.o
CLOCK_TrimInternalRefClk                          ./drivers/fsl_clock.o
CMP0_DriverIRQHandler                             ./startup/startup_mkl25z4.o
CMP0_IRQHandler                                   ./startup/startup_mkl25z4.o
CMP_ClearStatusFlags                              ./drivers/fsl_cmp.o
CMP_Deinit                                        ./drivers/fsl_cmp.o
CMP_DisableInterrupts                             ./drivers/fsl_cmp.o
CMP_EnableDMA                                     ./drivers/fsl_cmp.o
CMP_EnableInterrupts                              ./drivers/fsl_cmp.o
CMP_GetDefaultConfig                              ./drivers/fsl_cmp.o
CMP_GetStatusFlags                                ./drivers/fsl_cmp.o
CMP_Init                                          ./drivers/fsl_cmp.o
CMP_SetDACConfig                                  ./drivers/fsl_cmp.o
CMP_SetFilterConfig                               ./drivers/fsl_cmp.o
CMP_SetInputChannels                              ./drivers/fsl_cmp.o
DAC0_DriverIRQHandler                             ./startup/startup_mkl25z4.o
DAC0_IRQHandler                                   ./startup/startup_mkl25z4.o
DAC_ClearBufferStatusFlags                        ./drivers/fsl_dac.o
DAC_Data                                          ./source/dac.o
                                                  ./source/main.o
DAC_Deinit                                        ./drivers/fsl_dac.o
DAC_DisableBufferInterrupts                       ./drivers/fsl_dac.o
DAC_EnableBufferInterrupts                        ./drivers/fsl_dac.o
DAC_GetBufferStatusFlags                          ./drivers/fsl_dac.o
DAC_GetDefaultBufferConfig                        ./drivers/fsl_dac.o
DAC_GetDefaultConfig                              ./drivers/fsl_dac.o
DAC_Init                                          ./drivers/fsl_dac.o
DAC_SetBufferConfig                               ./drivers/fsl_dac.o
DAC_SetBufferReadPointer                          ./drivers/fsl_dac.o
DAC_SetBufferValue                                ./drivers/fsl_dac.o
DMA0_DriverIRQHandler                             ./drivers/fsl_dma.o
                                                  ./startup/startup_mkl25z4.o
DMA0_IRQHandler                                   ./source/dac.o
                                                  ./startup/startup_mkl25z4.o
DMA1_DriverIRQHandler                             ./drivers/fsl_dma.o
                                                  ./startup/startup_mkl25z4.o
DMA1_IRQHandler                                   ./startup/startup_mkl25z4.o
DMA2_DriverIRQHandler                             ./drivers/fsl_dma.o
                                                  ./startup/startup_mkl25z4.o
DMA2_IRQHandler                                   ./startup/startup_mkl25z4.o
DMA3_DriverIRQHandler                             ./drivers/fsl_dma.o
                                                  ./startup/startup_mkl25z4.o
DMA3_IRQHandler                                   ./startup/startup_mkl25z4.o
DMAMUX_Deinit                                     ./drivers/fsl_dmamux.o
DMAMUX_Init                                       ./drivers/fsl_dmamux.o
DMA_AbortTransfer                                 ./drivers/fsl_dma.o
                                                  ./drivers/fsl_uart_dma.o
                                                  ./drivers/fsl_lpsci_dma.o
DMA_CreateHandle                                  ./drivers/fsl_dma.o
DMA_Deinit                                        ./drivers/fsl_dma.o
DMA_HandleIRQ                                     ./drivers/fsl_dma.o
DMA_Init                                          ./drivers/fsl_dma.o
DMA_PrepareTransfer                               ./drivers/fsl_dma.o
                                                  ./drivers/fsl_uart_dma.o